Archive member included to satisfy reference by file (symbol)

C:/ST/STM32CubeIDE_1.15.0/STM32CubeIDE/plugins/com.st.stm32cube.ide.mcu.externaltools.gnu-tools-for-stm32.12.3.rel1.win32_1.0.100.202403111256/tools/bin/../lib/gcc/arm-none-eabi/12.3.1/../../../../arm-none-eabi/lib/thumb/v7e-m+fp/hard\libc_nano.a(libc_a-exit.o)
                              C:/ST/STM32CubeIDE_1.15.0/STM32CubeIDE/plugins/com.st.stm32cube.ide.mcu.externaltools.gnu-tools-for-stm32.12.3.rel1.win32_1.0.100.202403111256/tools/bin/../lib/gcc/arm-none-eabi/12.3.1/../../../../arm-none-eabi/lib/thumb/v7e-m+fp/hard/crt0.o (exit)
C:/ST/STM32CubeIDE_1.15.0/STM32CubeIDE/plugins/com.st.stm32cube.ide.mcu.externaltools.gnu-tools-for-stm32.12.3.rel1.win32_1.0.100.202403111256/tools/bin/../lib/gcc/arm-none-eabi/12.3.1/../../../../arm-none-eabi/lib/thumb/v7e-m+fp/hard\libc_nano.a(libc_a-findfp.o)
                              C:/ST/STM32CubeIDE_1.15.0/STM32CubeIDE/plugins/com.st.stm32cube.ide.mcu.externaltools.gnu-tools-for-stm32.12.3.rel1.win32_1.0.100.202403111256/tools/bin/../lib/gcc/arm-none-eabi/12.3.1/../../../../arm-none-eabi/lib/thumb/v7e-m+fp/hard\libc_nano.a(libc_a-exit.o) (__stdio_exit_handler)
C:/ST/STM32CubeIDE_1.15.0/STM32CubeIDE/plugins/com.st.stm32cube.ide.mcu.externaltools.gnu-tools-for-stm32.12.3.rel1.win32_1.0.100.202403111256/tools/bin/../lib/gcc/arm-none-eabi/12.3.1/../../../../arm-none-eabi/lib/thumb/v7e-m+fp/hard\libc_nano.a(libc_a-fwalk.o)
                              C:/ST/STM32CubeIDE_1.15.0/STM32CubeIDE/plugins/com.st.stm32cube.ide.mcu.externaltools.gnu-tools-for-stm32.12.3.rel1.win32_1.0.100.202403111256/tools/bin/../lib/gcc/arm-none-eabi/12.3.1/../../../../arm-none-eabi/lib/thumb/v7e-m+fp/hard\libc_nano.a(libc_a-findfp.o) (_fwalk_sglue)
C:/ST/STM32CubeIDE_1.15.0/STM32CubeIDE/plugins/com.st.stm32cube.ide.mcu.externaltools.gnu-tools-for-stm32.12.3.rel1.win32_1.0.100.202403111256/tools/bin/../lib/gcc/arm-none-eabi/12.3.1/../../../../arm-none-eabi/lib/thumb/v7e-m+fp/hard\libc_nano.a(libc_a-printf.o)
                              ./Core/Src/button.o (printf)
C:/ST/STM32CubeIDE_1.15.0/STM32CubeIDE/plugins/com.st.stm32cube.ide.mcu.externaltools.gnu-tools-for-stm32.12.3.rel1.win32_1.0.100.202403111256/tools/bin/../lib/gcc/arm-none-eabi/12.3.1/../../../../arm-none-eabi/lib/thumb/v7e-m+fp/hard\libc_nano.a(libc_a-puts.o)
                              ./Core/Src/app.o (puts)
C:/ST/STM32CubeIDE_1.15.0/STM32CubeIDE/plugins/com.st.stm32cube.ide.mcu.externaltools.gnu-tools-for-stm32.12.3.rel1.win32_1.0.100.202403111256/tools/bin/../lib/gcc/arm-none-eabi/12.3.1/../../../../arm-none-eabi/lib/thumb/v7e-m+fp/hard\libc_nano.a(libc_a-stdio.o)
                              C:/ST/STM32CubeIDE_1.15.0/STM32CubeIDE/plugins/com.st.stm32cube.ide.mcu.externaltools.gnu-tools-for-stm32.12.3.rel1.win32_1.0.100.202403111256/tools/bin/../lib/gcc/arm-none-eabi/12.3.1/../../../../arm-none-eabi/lib/thumb/v7e-m+fp/hard\libc_nano.a(libc_a-findfp.o) (__sread)
C:/ST/STM32CubeIDE_1.15.0/STM32CubeIDE/plugins/com.st.stm32cube.ide.mcu.externaltools.gnu-tools-for-stm32.12.3.rel1.win32_1.0.100.202403111256/tools/bin/../lib/gcc/arm-none-eabi/12.3.1/../../../../arm-none-eabi/lib/thumb/v7e-m+fp/hard\libc_nano.a(libc_a-wbuf.o)
                              C:/ST/STM32CubeIDE_1.15.0/STM32CubeIDE/plugins/com.st.stm32cube.ide.mcu.externaltools.gnu-tools-for-stm32.12.3.rel1.win32_1.0.100.202403111256/tools/bin/../lib/gcc/arm-none-eabi/12.3.1/../../../../arm-none-eabi/lib/thumb/v7e-m+fp/hard\libc_nano.a(libc_a-puts.o) (__swbuf_r)
C:/ST/STM32CubeIDE_1.15.0/STM32CubeIDE/plugins/com.st.stm32cube.ide.mcu.externaltools.gnu-tools-for-stm32.12.3.rel1.win32_1.0.100.202403111256/tools/bin/../lib/gcc/arm-none-eabi/12.3.1/../../../../arm-none-eabi/lib/thumb/v7e-m+fp/hard\libc_nano.a(libc_a-wsetup.o)
                              C:/ST/STM32CubeIDE_1.15.0/STM32CubeIDE/plugins/com.st.stm32cube.ide.mcu.externaltools.gnu-tools-for-stm32.12.3.rel1.win32_1.0.100.202403111256/tools/bin/../lib/gcc/arm-none-eabi/12.3.1/../../../../arm-none-eabi/lib/thumb/v7e-m+fp/hard\libc_nano.a(libc_a-puts.o) (__swsetup_r)
C:/ST/STM32CubeIDE_1.15.0/STM32CubeIDE/plugins/com.st.stm32cube.ide.mcu.externaltools.gnu-tools-for-stm32.12.3.rel1.win32_1.0.100.202403111256/tools/bin/../lib/gcc/arm-none-eabi/12.3.1/../../../../arm-none-eabi/lib/thumb/v7e-m+fp/hard\libc_nano.a(libc_a-memset.o)
                              C:/ST/STM32CubeIDE_1.15.0/STM32CubeIDE/plugins/com.st.stm32cube.ide.mcu.externaltools.gnu-tools-for-stm32.12.3.rel1.win32_1.0.100.202403111256/tools/bin/../lib/gcc/arm-none-eabi/12.3.1/../../../../arm-none-eabi/lib/thumb/v7e-m+fp/hard/crt0.o (memset)
C:/ST/STM32CubeIDE_1.15.0/STM32CubeIDE/plugins/com.st.stm32cube.ide.mcu.externaltools.gnu-tools-for-stm32.12.3.rel1.win32_1.0.100.202403111256/tools/bin/../lib/gcc/arm-none-eabi/12.3.1/../../../../arm-none-eabi/lib/thumb/v7e-m+fp/hard\libc_nano.a(libc_a-closer.o)
[...]
Memory Configuration

Name             Origin             Length             Attributes
CCMRAM           0x10000000         0x00010000         xrw
RAM              0x20000000         0x00030000         xrw
FLASH            0x08000000         0x00200000         xr
*default*        0x00000000         0xffffffff

Linker script and memory map

LOAD C:/ST/STM32CubeIDE_1.15.0/STM32CubeIDE/plugins/com.st.stm32cube.ide.mcu.externaltools.gnu-tools-for-stm32.12.3.rel1.win32_1.0.100.202403111256/tools/bin/../lib/gcc/arm-none-eabi/12.3.1/thumb/v7e-m+fp/hard/crti.o
LOAD C:/ST/STM32CubeIDE_1.15.0/STM32CubeIDE/plugins/com.st.stm32cube.ide.mcu.externaltools.gnu-tools-for-stm32.12.3.rel1.win32_1.0.100.202403111256/tools/bin/../lib/gcc/arm-none-eabi/12.3.1/thumb/v7e-m+fp/hard/crtbegin.o
LOAD C:/ST/STM32CubeIDE_1.15.0/STM32CubeIDE/plugins/com.st.stm32cube.ide.mcu.externaltools.gnu-tools-for-stm32.12.3.rel1.win32_1.0.100.202403111256/tools/bin/../lib/gcc/arm-none-eabi/12.3.1/../../../../arm-none-eabi/lib/thumb/v7e-m+fp/hard/crt0.o
LOAD ./Core/Src/adc.o
LOAD ./Core/Src/app.o
LOAD ./Core/Src/button.o
LOAD ./Core/Src/io.o
LOAD ./Core/Src/main.o
LOAD ./Core/Src/polling.o
LOAD ./Core/Src/stm32f4xx_hal_msp.o
LOAD ./Core/Src/stm32f4xx_it.o
LOAD ./Core/Src/syscalls.o
LOAD ./Core/Src/sysmem.o
LOAD ./Core/Src/system_stm32f4xx.o
LOAD ./Core/Src/uart.o
LOAD ./Core/Startup/startup_stm32f429zitx.o
LOAD ./Drivers/STM32F4xx_HAL_Driver/Src/stm32f4xx_hal.o
LOAD ./Drivers/STM32F4xx_HAL_Driver/Src/stm32f4xx_hal_cortex.o
LOAD ./Drivers/STM32F4xx_HAL_Driver/Src/stm32f4xx_hal_dma.o
LOAD ./Drivers/STM32F4xx_HAL_Driver/Src/stm32f4xx_hal_dma_ex.o
LOAD ./Drivers/STM32F4xx_HAL_Driver/Src/stm32f4xx_hal_eth.o
LOAD ./Drivers/STM32F4xx_HAL_Driver/Src/stm32f4xx_hal_exti.o
LOAD ./Drivers/STM32F4xx_HAL_Driver/Src/stm32f4xx_hal_flash.o
LOAD ./Drivers/STM32F4xx_HAL_Driver/Src/stm32f4xx_hal_flash_ex.o
LOAD ./Drivers/STM32F4xx_HAL_Driver/Src/stm32f4xx_hal_flash_ramfunc.o
LOAD ./Drivers/STM32F4xx_HAL_Driver/Src/stm32f4xx_hal_gpio.o
LOAD ./Drivers/STM32F4xx_HAL_Driver/Src/stm32f4xx_hal_pcd.o
LOAD ./Drivers/STM32F4xx_HAL_Driver/Src/stm32f4xx_hal_pcd_ex.o
LOAD ./Drivers/STM32F4xx_HAL_Driver/Src/stm32f4xx_hal_pwr.o
LOAD ./Drivers/STM32F4xx_HAL_Driver/Src/stm32f4xx_hal_pwr_ex.o
LOAD ./Drivers/STM32F4xx_HAL_Driver/Src/stm32f4xx_hal_rcc.o
LOAD ./Drivers/STM32F4xx_HAL_Driver/Src/stm32f4xx_hal_rcc_ex.o
LOAD ./Drivers/STM32F4xx_HAL_Driver/Src/stm32f4xx_hal_tim.o
LOAD ./Drivers/STM32F4xx_HAL_Driver/Src/stm32f4xx_hal_tim_ex.o
LOAD ./Drivers/STM32F4xx_HAL_Driver/Src/stm32f4xx_hal_uart.o
LOAD ./Drivers/STM32F4xx_HAL_Driver/Src/stm32f4xx_ll_usb.o
START GROUP
LOAD C:/ST/STM32CubeIDE_1.15.0/STM32CubeIDE/plugins/com.st.stm32cube.ide.mcu.externaltools.gnu-tools-for-stm32.12.3.rel1.win32_1.0.100.202403111256/tools/bin/../lib/gcc/arm-none-eabi/12.3.1/../../../../arm-none-eabi/lib/thumb/v7e-m+fp/hard\libc_nano.a
LOAD C:/ST/STM32CubeIDE_1.15.0/STM32CubeIDE/plugins/com.st.stm32cube.ide.mcu.externaltools.gnu-tools-for-stm32.12.3.rel1.win32_1.0.100.202403111256/tools/bin/../lib/gcc/arm-none-eabi/12.3.1/../../../../arm-none-eabi/lib/thumb/v7e-m+fp/hard\libm.a
END GROUP
START GROUP
LOAD C:/ST/STM32CubeIDE_1.15.0/STM32CubeIDE/plugins/com.st.stm32cube.ide.mcu.externaltools.gnu-tools-for-stm32.12.3.rel1.win32_1.0.100.202403111256/tools/bin/../lib/gcc/arm-none-eabi/12.3.1/thumb/v7e-m+fp/hard\libgcc.a
LOAD C:/ST/STM32CubeIDE_1.15.0/STM32CubeIDE/plugins/com.st.stm32cube.ide.mcu.externaltools.gnu-tools-for-stm32.12.3.rel1.win32_1.0.100.202403111256/tools/bin/../lib/gcc/arm-none-eabi/12.3.1/../../../../arm-none-eabi/lib/thumb/v7e-m+fp/hard\libc_nano.a
END GROUP
START GROUP
LOAD C:/ST/STM32CubeIDE_1.15.0/STM32CubeIDE/plugins/com.st.stm32cube.ide.mcu.externaltools.gnu-tools-for-stm32.12.3.rel1.win32_1.0.100.202403111256/tools/bin/../lib/gcc/arm-none-eabi/12.3.1/thumb/v7e-m+fp/hard\libgcc.a
LOAD C:/ST/STM32CubeIDE_1.15.0/STM32CubeIDE/plugins/com.st.stm32cube.ide.mcu.externaltools.gnu-tools-for-stm32.12.3.rel1.win32_1.0.100.202403111256/tools/bin/../lib/gcc/arm-none-eabi/12.3.1/../../../../arm-none-eabi/lib/thumb/v7e-m+fp/hard\libc_nano.a
LOAD C:/ST/STM32CubeIDE_1.15.0/STM32CubeIDE/plugins/com.st.stm32cube.ide.mcu.externaltools.gnu-tools-for-stm32.12.3.rel1.win32_1.0.100.202403111256/tools/bin/../lib/gcc/arm-none-eabi/12.3.1/../../../../arm-none-eabi/lib/thumb/v7e-m+fp/hard\libnosys.a
END GROUP
START GROUP
LOAD C:/ST/STM32CubeIDE_1.15.0/STM32CubeIDE/plugins/com.st.stm32cube.ide.mcu.externaltools.gnu-tools-for-stm32.12.3.rel1.win32_1.0.100.202403111256/tools/bin/../lib/gcc/arm-none-eabi/12.3.1/thumb/v7e-m+fp/hard\libgcc.a
LOAD C:/ST/STM32CubeIDE_1.15.0/STM32CubeIDE/plugins/com.st.stm32cube.ide.mcu.externaltools.gnu-tools-for-stm32.12.3.rel1.win32_1.0.100.202403111256/tools/bin/../lib/gcc/arm-none-eabi/12.3.1/../../../../arm-none-eabi/lib/thumb/v7e-m+fp/hard\libc_nano.a
LOAD C:/ST/STM32CubeIDE_1.15.0/STM32CubeIDE/plugins/com.st.stm32cube.ide.mcu.externaltools.gnu-tools-for-stm32.12.3.rel1.win32_1.0.100.202403111256/tools/bin/../lib/gcc/arm-none-eabi/12.3.1/../../../../arm-none-eabi/lib/thumb/v7e-m+fp/hard\libnosys.a
END GROUP
LOAD C:/ST/STM32CubeIDE_1.15.0/STM32CubeIDE/plugins/com.st.stm32cube.ide.mcu.externaltools.gnu-tools-for-stm32.12.3.rel1.win32_1.0.100.202403111256/tools/bin/../lib/gcc/arm-none-eabi/12.3.1/thumb/v7e-m+fp/hard/crtend.o
LOAD C:/ST/STM32CubeIDE_1.15.0/STM32CubeIDE/plugins/com.st.stm32cube.ide.mcu.externaltools.gnu-tools-for-stm32.12.3.rel1.win32_1.0.100.202403111256/tools/bin/../lib/gcc/arm-none-eabi/12.3.1/thumb/v7e-m+fp/hard/crtn.o
                0x20030000                        _estack = (ORIGIN (RAM) + LENGTH (RAM))
                0x00000200                        _Min_Heap_Size = 0x200
                0x00000400                        _Min_Stack_Size = 0x400

.isr_vector     0x08000000      0x1ac
                0x08000000                        . = ALIGN (0x4)
 *(.isr_vector)
 .isr_vector    0x08000000      0x1ac ./Core/Startup/startup_stm32f429zitx.o
                0x08000000                g_pfnVectors
                0x080001ac                        . = ALIGN (0x4)

.text           0x080001b0     0x488c
                0x080001b0                        . = ALIGN (0x4)
 *(.text)
 .text          0x080001b0       0x40 C:/ST/STM32CubeIDE_1.15.0/STM32CubeIDE/plugins/com.st.stm32cube.ide.mcu.externaltools.gnu-tools-for-stm32.12.3.rel1.win32_1.0.100.202403111256/tools/bin/../lib/gcc/arm-none-eabi/12.3.1/thumb/v7e-m+fp/hard/crtbegin.o
 .text          0x080001f0       0xa0 C:/ST/STM32CubeIDE_1.15.0/STM32CubeIDE/plugins/com.st.stm32cube.ide.mcu.externaltools.gnu-tools-for-stm32.12.3.rel1.win32_1.0.100.202403111256/tools/bin/../lib/gcc/arm-none-eabi/12.3.1/../../../../arm-none-eabi/lib/thumb/v7e-m+fp/hard\libc_nano.a(libc_a-memchr.o)
                0x080001f0                memchr
 .text          0x08000290       0x30 C:/ST/STM32CubeIDE_1.15.0/STM32CubeIDE/plugins/com.st.stm32cube.ide.mcu.externaltools.gnu-tools-for-stm32.12.3.rel1.win32_1.0.100.202403111256/tools/bin/../lib/gcc/arm-none-eabi/12.3.1/thumb/v7e-m+fp/hard\libgcc.a(_aeabi_uldivmod.o)
                0x08000290                __aeabi_uldivmod
 .text          0x080002c0      0x2bc C:/ST/STM32CubeIDE_1.15.0/STM32CubeIDE/plugins/com.st.stm32cube.ide.mcu.externaltools.gnu-tools-for-stm32.12.3.rel1.win32_1.0.100.202403111256/tools/bin/../lib/gcc/arm-none-eabi/12.3.1/thumb/v7e-m+fp/hard\libgcc.a(_udivmoddi4.o)
                0x080002c0                __udivmoddi4
 .text          0x0800057c        0x4 C:/ST/STM32CubeIDE_1.15.0/STM32CubeIDE/plugins/com.st.stm32cube.ide.mcu.externaltools.gnu-tools-for-stm32.12.3.rel1.win32_1.0.100.202403111256/tools/bin/../lib/gcc/arm-none-eabi/12.3.1/thumb/v7e-m+fp/hard\libgcc.a(_dvmd_tls.o)
                0x0800057c                __aeabi_idiv0
                0x0800057c                __aeabi_ldiv0
 *(.text*)
 .text.adc_regcbf
                0x08000580       0x28 ./Core/Src/adc.o
                0x08000580                adc_regcbf
 .text.adc_thread
                0x080005a8       0x64 ./Core/Src/adc.o
                0x080005a8                adc_thread
 .text.adc_dummy
                0x0800060c       0x14 ./Core/Src/adc.o
 .text.adc_init
                0x08000620        0xe ./Core/Src/adc.o
                0x08000620                adc_init
 *fill*         0x0800062e        0x2 
 .text.app      0x08000630       0x28 ./Core/Src/app.o
                0x08000630                app
 .text.app_init
                0x08000658       0x18 ./Core/Src/app.o
                0x08000658                app_init
 .text.button_init
                0x08000670       0x24 ./Core/Src/button.o
                0x08000670                button_init
 .text.button_thread
                0x08000694       0x48 ./Core/Src/button.o
                0x08000694                button_thread
 .text.button_callback_13
                0x080006dc       0x54 ./Core/Src/button.o
 .text.__io_putchar
                0x08000730       0x24 ./Core/Src/io.o
                0x08000730                __io_putchar
 .text.HAL_IncTick
                0x08000754       0x24 ./Core/Src/io.o
                0x08000754                HAL_IncTick
 .text.io_exti_init
                0x08000778       0x7c ./Core/Src/io.o
                0x08000778                io_exti_init
 .text.io_exti_regcbf
                0x080007f4       0x3c ./Core/Src/io.o
                0x080007f4                io_exti_regcbf
 .text.HAL_GPIO_EXTI_Callback
                0x08000830       0x98 ./Core/Src/io.o
                0x08000830                HAL_GPIO_EXTI_Callback
 .text.io_exti_dummy
                0x080008c8       0x18 ./Core/Src/io.o
 .text.main     0x080008e0       0x24 ./Core/Src/main.o
                0x080008e0                main
 .text.SystemClock_Config
                0x08000904       0xd4 ./Core/Src/main.o
                0x08000904                SystemClock_Config
 .text.MX_ETH_Init
                0x080009d8       0x9c ./Core/Src/main.o
 .text.MX_USART3_UART_Init
                0x08000a74       0x54 ./Core/Src/main.o
 .text.MX_USB_OTG_FS_PCD_Init
                0x08000ac8       0x5c ./Core/Src/main.o
 .text.MX_GPIO_Init
                0x08000b24      0x16c ./Core/Src/main.o
 .text.Error_Handler
                0x08000c90        0xc ./Core/Src/main.o
                0x08000c90                Error_Handler
 .text.polling_init
                0x08000c9c       0x18 ./Core/Src/polling.o
                0x08000c9c                polling_init
 .text.polling_thread
                0x08000cb4       0x74 ./Core/Src/polling.o
                0x08000cb4                polling_thread
 .text.adc_callback
                0x08000d28       0x20 ./Core/Src/polling.o
 .text.polling_update
                0x08000d48       0x98 ./Core/Src/polling.o
                0x08000d48                polling_update
 .text.HAL_MspInit
                0x08000de0       0x50 ./Core/Src/stm32f4xx_hal_msp.o
                0x08000de0                HAL_MspInit
 .text.HAL_ETH_MspInit
                0x08000e30      0x18c ./Core/Src/stm32f4xx_hal_msp.o
                0x08000e30                HAL_ETH_MspInit
 .text.HAL_UART_MspInit
                0x08000fbc       0x90 ./Core/Src/stm32f4xx_hal_msp.o
                0x08000fbc                HAL_UART_MspInit
 .text.HAL_PCD_MspInit
                0x0800104c       0xb4 ./Core/Src/stm32f4xx_hal_msp.o
                0x0800104c                HAL_PCD_MspInit
 .text.NMI_Handler
                0x08001100        0x8 ./Core/Src/stm32f4xx_it.o
                0x08001100                NMI_Handler
 .text.HardFault_Handler
                0x08001108        0x8 ./Core/Src/stm32f4xx_it.o
                0x08001108                HardFault_Handler
 .text.MemManage_Handler
                0x08001110        0x8 ./Core/Src/stm32f4xx_it.o
                0x08001110                MemManage_Handler
 .text.BusFault_Handler
                0x08001118        0x8 ./Core/Src/stm32f4xx_it.o
                0x08001118                BusFault_Handler
 .text.UsageFault_Handler
                0x08001120        0x8 ./Core/Src/stm32f4xx_it.o
                0x08001120                UsageFault_Handler
 .text.SVC_Handler
                0x08001128        0xe ./Core/Src/stm32f4xx_it.o
                0x08001128                SVC_Handler
 .text.DebugMon_Handler
                0x08001136        0xe ./Core/Src/stm32f4xx_it.o
                0x08001136                DebugMon_Handler
 .text.PendSV_Handler
                0x08001144        0xe ./Core/Src/stm32f4xx_it.o
                0x08001144                PendSV_Handler
 .text.SysTick_Handler
                0x08001152        0xc ./Core/Src/stm32f4xx_it.o
                0x08001152                SysTick_Handler
 .text.EXTI15_10_IRQHandler
                0x0800115e       0x10 ./Core/Src/stm32f4xx_it.o
                0x0800115e                EXTI15_10_IRQHandler
 .text._read    0x0800116e       0x3a ./Core/Src/syscalls.o
                0x0800116e                _read
 .text._write   0x080011a8       0x38 ./Core/Src/syscalls.o
                0x080011a8                _write
 .text._close   0x080011e0       0x18 ./Core/Src/syscalls.o
                0x080011e0                _close
 .text._fstat   0x080011f8       0x20 ./Core/Src/syscalls.o
                0x080011f8                _fstat
 .text._isatty  0x08001218       0x16 ./Core/Src/syscalls.o
                0x08001218                _isatty
 .text._lseek   0x0800122e       0x1a ./Core/Src/syscalls.o
                0x0800122e                _lseek
 .text._sbrk    0x08001248       0x6c ./Core/Src/sysmem.o
                0x08001248                _sbrk
 .text.SystemInit
                0x080012b4       0x24 ./Core/Src/system_stm32f4xx.o
                0x080012b4                SystemInit
 .text.uart_init
                0x080012d8       0x1c ./Core/Src/uart.o
                0x080012d8                uart_init
 .text.uart_thread
                0x080012f4       0x38 ./Core/Src/uart.o
                0x080012f4                uart_thread
 .text.Reset_Handler
                0x0800132c       0x50 ./Core/Startup/startup_stm32f429zitx.o
                0x0800132c                Reset_Handler
 .text.Default_Handler
                0x0800137c        0x2 ./Core/Startup/startup_stm32f429zitx.o
                0x0800137c                RTC_Alarm_IRQHandler
                0x0800137c                HASH_RNG_IRQHandler
                0x0800137c                EXTI2_IRQHandler
                0x0800137c                TIM8_CC_IRQHandler
                0x0800137c                UART8_IRQHandler
                0x0800137c                SPI4_IRQHandler
                0x0800137c                TIM1_CC_IRQHandler
                0x0800137c                DMA2_Stream5_IRQHandler
                0x0800137c                DMA1_Stream5_IRQHandler
                0x0800137c                PVD_IRQHandler
                0x0800137c                SDIO_IRQHandler
                0x0800137c                TAMP_STAMP_IRQHandler
                0x0800137c                CAN2_RX1_IRQHandler
                0x0800137c                EXTI3_IRQHandler
                0x0800137c                TIM8_TRG_COM_TIM14_IRQHandler
                0x0800137c                TIM1_UP_TIM10_IRQHandler
                0x0800137c                TIM8_UP_TIM13_IRQHandler
                0x0800137c                I2C3_ER_IRQHandler
                0x0800137c                EXTI0_IRQHandler
                0x0800137c                I2C2_EV_IRQHandler
                0x0800137c                DMA1_Stream2_IRQHandler
                0x0800137c                CAN1_RX0_IRQHandler
                0x0800137c                FPU_IRQHandler
                0x0800137c                OTG_HS_WKUP_IRQHandler
                0x0800137c                LTDC_ER_IRQHandler
                0x0800137c                CAN2_SCE_IRQHandler
                0x0800137c                DMA2_Stream2_IRQHandler
                0x0800137c                SPI1_IRQHandler
                0x0800137c                TIM6_DAC_IRQHandler
                0x0800137c                TIM1_BRK_TIM9_IRQHandler
                0x0800137c                DCMI_IRQHandler
                0x0800137c                CAN2_RX0_IRQHandler
                0x0800137c                DMA2_Stream3_IRQHandler
                0x0800137c                USART6_IRQHandler
                0x0800137c                USART3_IRQHandler
                0x0800137c                CAN1_RX1_IRQHandler
                0x0800137c                UART5_IRQHandler
                0x0800137c                DMA2_Stream0_IRQHandler
                0x0800137c                TIM4_IRQHandler
                0x0800137c                I2C1_EV_IRQHandler
                0x0800137c                DMA1_Stream6_IRQHandler
                0x0800137c                DMA1_Stream1_IRQHandler
                0x0800137c                UART4_IRQHandler
                0x0800137c                TIM3_IRQHandler
                0x0800137c                RCC_IRQHandler
                0x0800137c                TIM8_BRK_TIM12_IRQHandler
                0x0800137c                Default_Handler
                0x0800137c                ADC_IRQHandler
                0x0800137c                DMA1_Stream7_IRQHandler
                0x0800137c                SPI5_IRQHandler
                0x0800137c                TIM7_IRQHandler
                0x0800137c                CAN2_TX_IRQHandler
                0x0800137c                TIM5_IRQHandler
                0x0800137c                DMA2_Stream7_IRQHandler
                0x0800137c                I2C3_EV_IRQHandler
                0x0800137c                EXTI9_5_IRQHandler
                0x0800137c                RTC_WKUP_IRQHandler
                0x0800137c                LTDC_IRQHandler
                0x0800137c                ETH_WKUP_IRQHandler
                0x0800137c                SPI2_IRQHandler
                0x0800137c                OTG_HS_EP1_IN_IRQHandler
                0x0800137c                DMA1_Stream0_IRQHandler
                0x0800137c                CAN1_TX_IRQHandler
                0x0800137c                EXTI4_IRQHandler
                0x0800137c                ETH_IRQHandler
                0x0800137c                OTG_HS_EP1_OUT_IRQHandler
                0x0800137c                WWDG_IRQHandler
                0x0800137c                SPI6_IRQHandler
                0x0800137c                TIM2_IRQHandler
                0x0800137c                OTG_FS_WKUP_IRQHandler
                0x0800137c                TIM1_TRG_COM_TIM11_IRQHandler
                0x0800137c                OTG_HS_IRQHandler
                0x0800137c                DMA2D_IRQHandler
                0x0800137c                EXTI1_IRQHandler
                0x0800137c                UART7_IRQHandler
                0x0800137c                USART2_IRQHandler
                0x0800137c                I2C2_ER_IRQHandler
                0x0800137c                DMA2_Stream1_IRQHandler
                0x0800137c                CAN1_SCE_IRQHandler
                0x0800137c                FLASH_IRQHandler
                0x0800137c                DMA2_Stream4_IRQHandler
                0x0800137c                USART1_IRQHandler
                0x0800137c                OTG_FS_IRQHandler
                0x0800137c                SPI3_IRQHandler
                0x0800137c                DMA1_Stream4_IRQHandler
                0x0800137c                I2C1_ER_IRQHandler
                0x0800137c                FMC_IRQHandler
                0x0800137c                DMA2_Stream6_IRQHandler
                0x0800137c                SAI1_IRQHandler
                0x0800137c                DMA1_Stream3_IRQHandler
 *fill*         0x0800137e        0x2 
 .text.HAL_Init
                0x08001380       0x44 ./Drivers/STM32F4xx_HAL_Driver/Src/stm32f4xx_hal.o
                0x08001380                HAL_Init
 .text.HAL_InitTick
                0x080013c4       0x60 ./Drivers/STM32F4xx_HAL_Driver/Src/stm32f4xx_hal.o
                0x080013c4                HAL_InitTick
 .text.HAL_GetTick
                0x08001424       0x18 ./Drivers/STM32F4xx_HAL_Driver/Src/stm32f4xx_hal.o
                0x08001424                HAL_GetTick
 .text.HAL_Delay
                0x0800143c       0x48 ./Drivers/STM32F4xx_HAL_Driver/Src/stm32f4xx_hal.o
                0x0800143c                HAL_Delay
 .text.__NVIC_SetPriorityGrouping
                0x08001484       0x48 ./Drivers/STM32F4xx_HAL_Driver/Src/stm32f4xx_hal_cortex.o
 .text.__NVIC_GetPriorityGrouping
                0x080014cc       0x1c ./Drivers/STM32F4xx_HAL_Driver/Src/stm32f4xx_hal_cortex.o
 .text.__NVIC_EnableIRQ
                0x080014e8       0x3c ./Drivers/STM32F4xx_HAL_Driver/Src/stm32f4xx_hal_cortex.o
 .text.__NVIC_SetPriority
                0x08001524       0x54 ./Drivers/STM32F4xx_HAL_Driver/Src/stm32f4xx_hal_cortex.o
 .text.NVIC_EncodePriority
                0x08001578       0x66 ./Drivers/STM32F4xx_HAL_Driver/Src/stm32f4xx_hal_cortex.o
 *fill*         0x080015de        0x2 
 .text.SysTick_Config
                0x080015e0       0x44 ./Drivers/STM32F4xx_HAL_Driver/Src/stm32f4xx_hal_cortex.o
 .text.HAL_NVIC_SetPriorityGrouping
                0x08001624       0x16 ./Drivers/STM32F4xx_HAL_Driver/Src/stm32f4xx_hal_cortex.o
                0x08001624                HAL_NVIC_SetPriorityGrouping
 .text.HAL_NVIC_SetPriority
                0x0800163a       0x38 ./Drivers/STM32F4xx_HAL_Driver/Src/stm32f4xx_hal_cortex.o
                0x0800163a                HAL_NVIC_SetPriority
 .text.HAL_NVIC_EnableIRQ
                0x08001672       0x1c ./Drivers/STM32F4xx_HAL_Driver/Src/stm32f4xx_hal_cortex.o
                0x08001672                HAL_NVIC_EnableIRQ
 .text.HAL_SYSTICK_Config
                0x0800168e       0x18 ./Drivers/STM32F4xx_HAL_Driver/Src/stm32f4xx_hal_cortex.o
                0x0800168e                HAL_SYSTICK_Config
 *fill*         0x080016a6        0x2 
 .text.HAL_ETH_Init
                0x080016a8       0xfc ./Drivers/STM32F4xx_HAL_Driver/Src/stm32f4xx_hal_eth.o
                0x080016a8                HAL_ETH_Init
 .text.ETH_SetMACConfig
                0x080017a4      0x160 ./Drivers/STM32F4xx_HAL_Driver/Src/stm32f4xx_hal_eth.o
 .text.ETH_SetDMAConfig
                0x08001904      0x114 ./Drivers/STM32F4xx_HAL_Driver/Src/stm32f4xx_hal_eth.o
 .text.ETH_MACDMAConfig
                0x08001a18       0xe4 ./Drivers/STM32F4xx_HAL_Driver/Src/stm32f4xx_hal_eth.o
 .text.ETH_MACAddressConfig
                0x08001afc       0x70 ./Drivers/STM32F4xx_HAL_Driver/Src/stm32f4xx_hal_eth.o
 .text.ETH_DMATxDescListInit
                0x08001b6c       0xb2 ./Drivers/STM32F4xx_HAL_Driver/Src/stm32f4xx_hal_eth.o
 .text.ETH_DMARxDescListInit
                0x08001c1e       0xda ./Drivers/STM32F4xx_HAL_Driver/Src/stm32f4xx_hal_eth.o
 .text.HAL_GPIO_Init
                0x08001cf8      0x358 ./Drivers/STM32F4xx_HAL_Driver/Src/stm32f4xx_hal_gpio.o
                0x08001cf8                HAL_GPIO_Init
 .text.HAL_GPIO_ReadPin
                0x08002050       0x30 ./Drivers/STM32F4xx_HAL_Driver/Src/stm32f4xx_hal_gpio.o
                0x08002050                HAL_GPIO_ReadPin
 .text.HAL_GPIO_WritePin
                0x08002080       0x32 ./Drivers/STM32F4xx_HAL_Driver/Src/stm32f4xx_hal_gpio.o
                0x08002080                HAL_GPIO_WritePin
 *fill*         0x080020b2        0x2 
 .text.HAL_GPIO_EXTI_IRQHandler
                0x080020b4       0x30 ./Drivers/STM32F4xx_HAL_Driver/Src/stm32f4xx_hal_gpio.o
                0x080020b4                HAL_GPIO_EXTI_IRQHandler
 .text.HAL_PCD_Init
                0x080020e4      0x21e ./Drivers/STM32F4xx_HAL_Driver/Src/stm32f4xx_hal_pcd.o
                0x080020e4                HAL_PCD_Init
 *fill*         0x08002302        0x2 
 .text.HAL_RCC_OscConfig
                0x08002304      0x4f0 ./Drivers/STM32F4xx_HAL_Driver/Src/stm32f4xx_hal_rcc.o
                0x08002304                HAL_RCC_OscConfig
 .text.HAL_RCC_ClockConfig
                0x080027f4      0x1cc ./Drivers/STM32F4xx_HAL_Driver/Src/stm32f4xx_hal_rcc.o
                0x080027f4                HAL_RCC_ClockConfig
 .text.HAL_RCC_GetSysClockFreq
                0x080029c0      0x20c ./Drivers/STM32F4xx_HAL_Driver/Src/stm32f4xx_hal_rcc.o
                0x080029c0                HAL_RCC_GetSysClockFreq
 .text.HAL_RCC_GetHCLKFreq
                0x08002bcc       0x18 ./Drivers/STM32F4xx_HAL_Driver/Src/stm32f4xx_hal_rcc.o
                0x08002bcc                HAL_RCC_GetHCLKFreq
 .text.HAL_RCC_GetPCLK1Freq
                0x08002be4       0x28 ./Drivers/STM32F4xx_HAL_Driver/Src/stm32f4xx_hal_rcc.o
                0x08002be4                HAL_RCC_GetPCLK1Freq
 .text.HAL_RCC_GetPCLK2Freq
                0x08002c0c       0x28 ./Drivers/STM32F4xx_HAL_Driver/Src/stm32f4xx_hal_rcc.o
                0x08002c0c                HAL_RCC_GetPCLK2Freq
 .text.HAL_UART_Init
                0x08002c34       0xa0 ./Drivers/STM32F4xx_HAL_Driver/Src/stm32f4xx_hal_uart.o
                0x08002c34                HAL_UART_Init
 .text.HAL_UART_Transmit
                0x08002cd4      0x116 ./Drivers/STM32F4xx_HAL_Driver/Src/stm32f4xx_hal_uart.o
                0x08002cd4                HAL_UART_Transmit
 .text.HAL_UART_Receive_IT
                0x08002dea       0x4a ./Drivers/STM32F4xx_HAL_Driver/Src/stm32f4xx_hal_uart.o
                0x08002dea                HAL_UART_Receive_IT
 .text.UART_WaitOnFlagUntilTimeout
                0x08002e34       0xb2 ./Drivers/STM32F4xx_HAL_Driver/Src/stm32f4xx_hal_uart.o
 .text.UART_Start_Receive_IT
                0x08002ee6       0x74 ./Drivers/STM32F4xx_HAL_Driver/Src/stm32f4xx_hal_uart.o
                0x08002ee6                UART_Start_Receive_IT
 .text.UART_EndRxTransfer
                0x08002f5a       0xc6 ./Drivers/STM32F4xx_HAL_Driver/Src/stm32f4xx_hal_uart.o
 .text.UART_SetConfig
                0x08003020      0x4e8 ./Drivers/STM32F4xx_HAL_Driver/Src/stm32f4xx_hal_uart.o
 .text.USB_CoreInit
                0x08003508       0xc8 ./Drivers/STM32F4xx_HAL_Driver/Src/stm32f4xx_ll_usb.o
                0x08003508                USB_CoreInit
 .text.USB_DisableGlobalInt
                0x080035d0       0x22 ./Drivers/STM32F4xx_HAL_Driver/Src/stm32f4xx_ll_usb.o
                0x080035d0                USB_DisableGlobalInt
 .text.USB_SetCurrentMode
                0x080035f2       0x98 ./Drivers/STM32F4xx_HAL_Driver/Src/stm32f4xx_ll_usb.o
                0x080035f2                USB_SetCurrentMode
 *fill*         0x0800368a        0x2 
 .text.USB_DevInit
                0x0800368c      0x2c8 ./Drivers/STM32F4xx_HAL_Driver/Src/stm32f4xx_ll_usb.o
                0x0800368c                USB_DevInit
 .text.USB_FlushTxFifo
                0x08003954       0x64 ./Drivers/STM32F4xx_HAL_Driver/Src/stm32f4xx_ll_usb.o
                0x08003954                USB_FlushTxFifo
 .text.USB_FlushRxFifo
                0x080039b8       0x5c ./Drivers/STM32F4xx_HAL_Driver/Src/stm32f4xx_ll_usb.o
                0x080039b8                USB_FlushRxFifo
 .text.USB_SetDevSpeed
                0x08003a14       0x32 ./Drivers/STM32F4xx_HAL_Driver/Src/stm32f4xx_ll_usb.o
                0x08003a14                USB_SetDevSpeed
 .text.USB_DevDisconnect
                0x08003a46       0x42 ./Drivers/STM32F4xx_HAL_Driver/Src/stm32f4xx_ll_usb.o
                0x08003a46                USB_DevDisconnect
 .text.USB_GetMode
                0x08003a88       0x1c ./Drivers/STM32F4xx_HAL_Driver/Src/stm32f4xx_ll_usb.o
                0x08003a88                USB_GetMode
 .text.USB_CoreReset
                0x08003aa4       0x62 ./Drivers/STM32F4xx_HAL_Driver/Src/stm32f4xx_ll_usb.o
 *fill*         0x08003b06        0x2 
 .text.std      0x08003b08       0x6c C:/ST/STM32CubeIDE_1.15.0/STM32CubeIDE/plugins/com.st.stm32cube.ide.mcu.externaltools.gnu-tools-for-stm32.12.3.rel1.win32_1.0.100.202403111256/tools/bin/../lib/gcc/arm-none-eabi/12.3.1/../../../../arm-none-eabi/lib/thumb/v7e-m+fp/hard\libc_nano.a(libc_a-findfp.o)
 .text.stdio_exit_handler
                0x08003b74       0x18 C:/ST/STM32CubeIDE_1.15.0/STM32CubeIDE/plugins/com.st.stm32cube.ide.mcu.externaltools.gnu-tools-for-stm32.12.3.rel1.win32_1.0.100.202403111256/tools/bin/../lib/gcc/arm-none-eabi/12.3.1/../../../../arm-none-eabi/lib/thumb/v7e-m+fp/hard\libc_nano.a(libc_a-findfp.o)
 .text.cleanup_stdio
                0x08003b8c       0x40 C:/ST/STM32CubeIDE_1.15.0/STM32CubeIDE/plugins/com.st.stm32cube.ide.mcu.externaltools.gnu-tools-for-stm32.12.3.rel1.win32_1.0.100.202403111256/tools/bin/../lib/gcc/arm-none-eabi/12.3.1/../../../../arm-none-eabi/lib/thumb/v7e-m+fp/hard\libc_nano.a(libc_a-findfp.o)
 .text.global_stdio_init.part.0
                0x08003bcc       0x3c C:/ST/STM32CubeIDE_1.15.0/STM32CubeIDE/plugins/com.st.stm32cube.ide.mcu.externaltools.gnu-tools-for-stm32.12.3.rel1.win32_1.0.100.202403111256/tools/bin/../lib/gcc/arm-none-eabi/12.3.1/../../../../arm-none-eabi/lib/thumb/v7e-m+fp/hard\libc_nano.a(libc_a-findfp.o)
 .text.__sfp_lock_acquire
                0x08003c08        0xc C:/ST/STM32CubeIDE_1.15.0/STM32CubeIDE/plugins/com.st.stm32cube.ide.mcu.externaltools.gnu-tools-for-stm32.12.3.rel1.win32_1.0.100.202403111256/tools/bin/../lib/gcc/arm-none-eabi/12.3.1/../../../../arm-none-eabi/lib/thumb/v7e-m+fp/hard\libc_nano.a(libc_a-findfp.o)
                0x08003c08                __sfp_lock_acquire
 .text.__sfp_lock_release
                0x08003c14        0xc C:/ST/STM32CubeIDE_1.15.0/STM32CubeIDE/plugins/com.st.stm32cube.ide.mcu.externaltools.gnu-tools-for-stm32.12.3.rel1.win32_1.0.100.202403111256/tools/bin/../lib/gcc/arm-none-eabi/12.3.1/../../../../arm-none-eabi/lib/thumb/v7e-m+fp/hard\libc_nano.a(libc_a-findfp.o)
                0x08003c14                __sfp_lock_release
 .text.__sinit  0x08003c20       0x30 C:/ST/STM32CubeIDE_1.15.0/STM32CubeIDE/plugins/com.st.stm32cube.ide.mcu.externaltools.gnu-tools-for-stm32.12.3.rel1.win32_1.0.100.202403111256/tools/bin/../lib/gcc/arm-none-eabi/12.3.1/../../../../arm-none-eabi/lib/thumb/v7e-m+fp/hard\libc_nano.a(libc_a-findfp.o)
                0x08003c20                __sinit
 .text._fwalk_sglue
                0x08003c50       0x3c C:/ST/STM32CubeIDE_1.15.0/STM32CubeIDE/plugins/com.st.stm32cube.ide.mcu.externaltools.gnu-tools-for-stm32.12.3.rel1.win32_1.0.100.202403111256/tools/bin/../lib/gcc/arm-none-eabi/12.3.1/../../../../arm-none-eabi/lib/thumb/v7e-m+fp/hard\libc_nano.a(libc_a-fwalk.o)
                0x08003c50                _fwalk_sglue
 .text.printf   0x08003c8c       0x24 C:/ST/STM32CubeIDE_1.15.0/STM32CubeIDE/plugins/com.st.stm32cube.ide.mcu.externaltools.gnu-tools-for-stm32.12.3.rel1.win32_1.0.100.202403111256/tools/bin/../lib/gcc/arm-none-eabi/12.3.1/../../../../arm-none-eabi/lib/thumb/v7e-m+fp/hard\libc_nano.a(libc_a-printf.o)
                0x08003c8c                iprintf
                0x08003c8c                printf
 .text._puts_r  0x08003cb0       0xaa C:/ST/STM32CubeIDE_1.15.0/STM32CubeIDE/plugins/com.st.stm32cube.ide.mcu.externaltools.gnu-tools-for-stm32.12.3.rel1.win32_1.0.100.202403111256/tools/bin/../lib/gcc/arm-none-eabi/12.3.1/../../../../arm-none-eabi/lib/thumb/v7e-m+fp/hard\libc_nano.a(libc_a-puts.o)
                0x08003cb0                _puts_r
 *fill*         0x08003d5a        0x2 
 .text.puts     0x08003d5c       0x10 C:/ST/STM32CubeIDE_1.15.0/STM32CubeIDE/plugins/com.st.stm32cube.ide.mcu.externaltools.gnu-tools-for-stm32.12.3.rel1.win32_1.0.100.202403111256/tools/bin/../lib/gcc/arm-none-eabi/12.3.1/../../../../arm-none-eabi/lib/thumb/v7e-m+fp/hard\libc_nano.a(libc_a-puts.o)
                0x08003d5c                puts
 .text.__sread  0x08003d6c       0x22 C:/ST/STM32CubeIDE_1.15.0/STM32CubeIDE/plugins/com.st.stm32cube.ide.mcu.externaltools.gnu-tools-for-stm32.12.3.rel1.win32_1.0.100.202403111256/tools/bin/../lib/gcc/arm-none-eabi/12.3.1/../../../../arm-none-eabi/lib/thumb/v7e-m+fp/hard\libc_nano.a(libc_a-stdio.o)
                0x08003d6c                __sread
 .text.__swrite
                0x08003d8e       0x38 C:/ST/STM32CubeIDE_1.15.0/STM32CubeIDE/plugins/com.st.stm32cube.ide.mcu.externaltools.gnu-tools-for-stm32.12.3.rel1.win32_1.0.100.202403111256/tools/bin/../lib/gcc/arm-none-eabi/12.3.1/../../../../arm-none-eabi/lib/thumb/v7e-m+fp/hard\libc_nano.a(libc_a-stdio.o)
                0x08003d8e                __swrite
 .text.__sseek  0x08003dc6       0x24 C:/ST/STM32CubeIDE_1.15.0/STM32CubeIDE/plugins/com.st.stm32cube.ide.mcu.externaltools.gnu-tools-for-stm32.12.3.rel1.win32_1.0.100.202403111256/tools/bin/../lib/gcc/arm-none-eabi/12.3.1/../../../../arm-none-eabi/lib/thumb/v7e-m+fp/hard\libc_nano.a(libc_a-stdio.o)
                0x08003dc6                __sseek
 .text.__sclose
                0x08003dea        0x8 C:/ST/STM32CubeIDE_1.15.0/STM32CubeIDE/plugins/com.st.stm32cube.ide.mcu.externaltools.gnu-tools-for-stm32.12.3.rel1.win32_1.0.100.202403111256/tools/bin/../lib/gcc/arm-none-eabi/12.3.1/../../../../arm-none-eabi/lib/thumb/v7e-m+fp/hard\libc_nano.a(libc_a-stdio.o)
                0x08003dea                __sclose
 .text.__swbuf_r
                0x08003df2       0x7c C:/ST/STM32CubeIDE_1.15.0/STM32CubeIDE/plugins/com.st.stm32cube.ide.mcu.externaltools.gnu-tools-for-stm32.12.3.rel1.win32_1.0.100.202403111256/tools/bin/../lib/gcc/arm-none-eabi/12.3.1/../../../../arm-none-eabi/lib/thumb/v7e-m+fp/hard\libc_nano.a(libc_a-wbuf.o)
                0x08003df2                __swbuf_r
 *fill*         0x08003e6e        0x2 
 .text.__swsetup_r
                0x08003e70       0xac C:/ST/STM32CubeIDE_1.15.0/STM32CubeIDE/plugins/com.st.stm32cube.ide.mcu.externaltools.gnu-tools-for-stm32.12.3.rel1.win32_1.0.100.202403111256/tools/bin/../lib/gcc/arm-none-eabi/12.3.1/../../../../arm-none-eabi/lib/thumb/v7e-m+fp/hard\libc_nano.a(libc_a-wsetup.o)
                0x08003e70                __swsetup_r
 .text.memset   0x08003f1c       0x10 C:/ST/STM32CubeIDE_1.15.0/STM32CubeIDE/plugins/com.st.stm32cube.ide.mcu.externaltools.gnu-tools-for-stm32.12.3.rel1.win32_1.0.100.202403111256/tools/bin/../lib/gcc/arm-none-eabi/12.3.1/../../../../arm-none-eabi/lib/thumb/v7e-m+fp/hard\libc_nano.a(libc_a-memset.o)
                0x08003f1c                memset
 .text._close_r
                0x08003f2c       0x20 C:/ST/STM32CubeIDE_1.15.0/STM32CubeIDE/plugins/com.st.stm32cube.ide.mcu.externaltools.gnu-tools-for-stm32.12.3.rel1.win32_1.0.100.202403111256/tools/bin/../lib/gcc/arm-none-eabi/12.3.1/../../../../arm-none-eabi/lib/thumb/v7e-m+fp/hard\libc_nano.a(libc_a-closer.o)
                0x08003f2c                _close_r
 .text._lseek_r
                0x08003f4c       0x24 C:/ST/STM32CubeIDE_1.15.0/STM32CubeIDE/plugins/com.st.stm32cube.ide.mcu.externaltools.gnu-tools-for-stm32.12.3.rel1.win32_1.0.100.202403111256/tools/bin/../lib/gcc/arm-none-eabi/12.3.1/../../../../arm-none-eabi/lib/thumb/v7e-m+fp/hard\libc_nano.a(libc_a-lseekr.o)
                0x08003f4c                _lseek_r
 .text._read_r  0x08003f70       0x24 C:/ST/STM32CubeIDE_1.15.0/STM32CubeIDE/plugins/com.st.stm32cube.ide.mcu.externaltools.gnu-tools-for-stm32.12.3.rel1.win32_1.0.100.202403111256/tools/bin/../lib/gcc/arm-none-eabi/12.3.1/../../../../arm-none-eabi/lib/thumb/v7e-m+fp/hard\libc_nano.a(libc_a-readr.o)
                0x08003f70                _read_r
 .text._write_r
                0x08003f94       0x24 C:/ST/STM32CubeIDE_1.15.0/STM32CubeIDE/plugins/com.st.stm32cube.ide.mcu.externaltools.gnu-tools-for-stm32.12.3.rel1.win32_1.0.100.202403111256/tools/bin/../lib/gcc/arm-none-eabi/12.3.1/../../../../arm-none-eabi/lib/thumb/v7e-m+fp/hard\libc_nano.a(libc_a-writer.o)
                0x08003f94                _write_r
 .text.__errno  0x08003fb8        0xc C:/ST/STM32CubeIDE_1.15.0/STM32CubeIDE/plugins/com.st.stm32cube.ide.mcu.externaltools.gnu-tools-for-stm32.12.3.rel1.win32_1.0.100.202403111256/tools/bin/../lib/gcc/arm-none-eabi/12.3.1/../../../../arm-none-eabi/lib/thumb/v7e-m+fp/hard\libc_nano.a(libc_a-errno.o)
                0x08003fb8                __errno
 .text.__libc_init_array
                0x08003fc4       0x48 C:/ST/STM32CubeIDE_1.15.0/STM32CubeIDE/plugins/com.st.stm32cube.ide.mcu.externaltools.gnu-tools-for-stm32.12.3.rel1.win32_1.0.100.202403111256/tools/bin/../lib/gcc/arm-none-eabi/12.3.1/../../../../arm-none-eabi/lib/thumb/v7e-m+fp/hard\libc_nano.a(libc_a-init.o)
                0x08003fc4                __libc_init_array
 .text.__retarget_lock_init_recursive
                0x0800400c        0x2 C:/ST/STM32CubeIDE_1.15.0/STM32CubeIDE/plugins/com.st.stm32cube.ide.mcu.externaltools.gnu-tools-for-stm32.12.3.rel1.win32_1.0.100.202403111256/tools/bin/../lib/gcc/arm-none-eabi/12.3.1/../../../../arm-none-eabi/lib/thumb/v7e-m+fp/hard\libc_nano.a(libc_a-lock.o)
                0x0800400c                __retarget_lock_init_recursive
 .text.__retarget_lock_acquire_recursive
                0x0800400e        0x2 C:/ST/STM32CubeIDE_1.15.0/STM32CubeIDE/plugins/com.st.stm32cube.ide.mcu.externaltools.gnu-tools-for-stm32.12.3.rel1.win32_1.0.100.202403111256/tools/bin/../lib/gcc/arm-none-eabi/12.3.1/../../../../arm-none-eabi/lib/thumb/v7e-m+fp/hard\libc_nano.a(libc_a-lock.o)
                0x0800400e                __retarget_lock_acquire_recursive
 .text.__retarget_lock_release_recursive
                0x08004010        0x2 C:/ST/STM32CubeIDE_1.15.0/STM32CubeIDE/plugins/com.st.stm32cube.ide.mcu.externaltools.gnu-tools-for-stm32.12.3.rel1.win32_1.0.100.202403111256/tools/bin/../lib/gcc/arm-none-eabi/12.3.1/../../../../arm-none-eabi/lib/thumb/v7e-m+fp/hard\libc_nano.a(libc_a-lock.o)
                0x08004010                __retarget_lock_release_recursive
 *fill*         0x08004012        0x2 
 .text._free_r  0x08004014       0x94 C:/ST/STM32CubeIDE_1.15.0/STM32CubeIDE/plugins/com.st.stm32cube.ide.mcu.externaltools.gnu-tools-for-stm32.12.3.rel1.win32_1.0.100.202403111256/tools/bin/../lib/gcc/arm-none-eabi/12.3.1/../../../../arm-none-eabi/lib/thumb/v7e-m+fp/hard\libc_nano.a(libc_a-freer.o)
                0x08004014                _free_r
 .text.sbrk_aligned
                0x080040a8       0x44 C:/ST/STM32CubeIDE_1.15.0/STM32CubeIDE/plugins/com.st.stm32cube.ide.mcu.externaltools.gnu-tools-for-stm32.12.3.rel1.win32_1.0.100.202403111256/tools/bin/../lib/gcc/arm-none-eabi/12.3.1/../../../../arm-none-eabi/lib/thumb/v7e-m+fp/hard\libc_nano.a(libc_a-mallocr.o)
 .text._malloc_r
                0x080040ec      0x100 C:/ST/STM32CubeIDE_1.15.0/STM32CubeIDE/plugins/com.st.stm32cube.ide.mcu.externaltools.gnu-tools-for-stm32.12.3.rel1.win32_1.0.100.202403111256/tools/bin/../lib/gcc/arm-none-eabi/12.3.1/../../../../arm-none-eabi/lib/thumb/v7e-m+fp/hard\libc_nano.a(libc_a-mallocr.o)
                0x080040ec                _malloc_r
 .text.__malloc_lock
                0x080041ec        0xc C:/ST/STM32CubeIDE_1.15.0/STM32CubeIDE/plugins/com.st.stm32cube.ide.mcu.externaltools.gnu-tools-for-stm32.12.3.rel1.win32_1.0.100.202403111256/tools/bin/../lib/gcc/arm-none-eabi/12.3.1/../../../../arm-none-eabi/lib/thumb/v7e-m+fp/hard\libc_nano.a(libc_a-mlock.o)
                0x080041ec                __malloc_lock
 .text.__malloc_unlock
                0x080041f8        0xc C:/ST/STM32CubeIDE_1.15.0/STM32CubeIDE/plugins/com.st.stm32cube.ide.mcu.externaltools.gnu-tools-for-stm32.12.3.rel1.win32_1.0.100.202403111256/tools/bin/../lib/gcc/arm-none-eabi/12.3.1/../../../../arm-none-eabi/lib/thumb/v7e-m+fp/hard\libc_nano.a(libc_a-mlock.o)
                0x080041f8                __malloc_unlock
 .text.__sfputc_r
                0x08004204       0x2e C:/ST/STM32CubeIDE_1.15.0/STM32CubeIDE/plugins/com.st.stm32cube.ide.mcu.externaltools.gnu-tools-for-stm32.12.3.rel1.win32_1.0.100.202403111256/tools/bin/../lib/gcc/arm-none-eabi/12.3.1/../../../../arm-none-eabi/lib/thumb/v7e-m+fp/hard\libc_nano.a(libc_a-nano-vfprintf.o)
 .text.__sfputs_r
                0x08004232       0x24 C:/ST/STM32CubeIDE_1.15.0/STM32CubeIDE/plugins/com.st.stm32cube.ide.mcu.externaltools.gnu-tools-for-stm32.12.3.rel1.win32_1.0.100.202403111256/tools/bin/../lib/gcc/arm-none-eabi/12.3.1/../../../../arm-none-eabi/lib/thumb/v7e-m+fp/hard\libc_nano.a(libc_a-nano-vfprintf.o)
                0x08004232                __sfputs_r
 *fill*         0x08004256        0x2 
 .text._vfprintf_r
                0x08004258      0x230 C:/ST/STM32CubeIDE_1.15.0/STM32CubeIDE/plugins/com.st.stm32cube.ide.mcu.externaltools.gnu-tools-for-stm32.12.3.rel1.win32_1.0.100.202403111256/tools/bin/../lib/gcc/arm-none-eabi/12.3.1/../../../../arm-none-eabi/lib/thumb/v7e-m+fp/hard\libc_nano.a(libc_a-nano-vfprintf.o)
                0x08004258                _vfprintf_r
                0x08004258                _vfiprintf_r
 .text._printf_common
                0x08004488       0xda C:/ST/STM32CubeIDE_1.15.0/STM32CubeIDE/plugins/com.st.stm32cube.ide.mcu.externaltools.gnu-tools-for-stm32.12.3.rel1.win32_1.0.100.202403111256/tools/bin/../lib/gcc/arm-none-eabi/12.3.1/../../../../arm-none-eabi/lib/thumb/v7e-m+fp/hard\libc_nano.a(libc_a-nano-vfprintf_i.o)
                0x08004488                _printf_common
 *fill*         0x08004562        0x2 
 .text._printf_i
                0x08004564      0x240 C:/ST/STM32CubeIDE_1.15.0/STM32CubeIDE/plugins/com.st.stm32cube.ide.mcu.externaltools.gnu-tools-for-stm32.12.3.rel1.win32_1.0.100.202403111256/tools/bin/../lib/gcc/arm-none-eabi/12.3.1/../../../../arm-none-eabi/lib/thumb/v7e-m+fp/hard\libc_nano.a(libc_a-nano-vfprintf_i.o)
                0x08004564                _printf_i
 .text.__sflush_r
                0x080047a4      0x108 C:/ST/STM32CubeIDE_1.15.0/STM32CubeIDE/plugins/com.st.stm32cube.ide.mcu.externaltools.gnu-tools-for-stm32.12.3.rel1.win32_1.0.100.202403111256/tools/bin/../lib/gcc/arm-none-eabi/12.3.1/../../../../arm-none-eabi/lib/thumb/v7e-m+fp/hard\libc_nano.a(libc_a-fflush.o)
                0x080047a4                __sflush_r
 .text._fflush_r
                0x080048ac       0x50 C:/ST/STM32CubeIDE_1.15.0/STM32CubeIDE/plugins/com.st.stm32cube.ide.mcu.externaltools.gnu-tools-for-stm32.12.3.rel1.win32_1.0.100.202403111256/tools/bin/../lib/gcc/arm-none-eabi/12.3.1/../../../../arm-none-eabi/lib/thumb/v7e-m+fp/hard\libc_nano.a(libc_a-fflush.o)
                0x080048ac                _fflush_r
 .text.__swhatbuf_r
                0x080048fc       0x4c C:/ST/STM32CubeIDE_1.15.0/STM32CubeIDE/plugins/com.st.stm32cube.ide.mcu.externaltools.gnu-tools-for-stm32.12.3.rel1.win32_1.0.100.202403111256/tools/bin/../lib/gcc/arm-none-eabi/12.3.1/../../../../arm-none-eabi/lib/thumb/v7e-m+fp/hard\libc_nano.a(libc_a-makebuf.o)
                0x080048fc                __swhatbuf_r
 .text.__smakebuf_r
                0x08004948       0x78 C:/ST/STM32CubeIDE_1.15.0/STM32CubeIDE/plugins/com.st.stm32cube.ide.mcu.externaltools.gnu-tools-for-stm32.12.3.rel1.win32_1.0.100.202403111256/tools/bin/../lib/gcc/arm-none-eabi/12.3.1/../../../../arm-none-eabi/lib/thumb/v7e-m+fp/hard\libc_nano.a(libc_a-makebuf.o)
                0x08004948                __smakebuf_r
 .text._fstat_r
                0x080049c0       0x24 C:/ST/STM32CubeIDE_1.15.0/STM32CubeIDE/plugins/com.st.stm32cube.ide.mcu.externaltools.gnu-tools-for-stm32.12.3.rel1.win32_1.0.100.202403111256/tools/bin/../lib/gcc/arm-none-eabi/12.3.1/../../../../arm-none-eabi/lib/thumb/v7e-m+fp/hard\libc_nano.a(libc_a-fstatr.o)
                0x080049c0                _fstat_r
 .text._isatty_r
                0x080049e4       0x20 C:/ST/STM32CubeIDE_1.15.0/STM32CubeIDE/plugins/com.st.stm32cube.ide.mcu.externaltools.gnu-tools-for-stm32.12.3.rel1.win32_1.0.100.202403111256/tools/bin/../lib/gcc/arm-none-eabi/12.3.1/../../../../arm-none-eabi/lib/thumb/v7e-m+fp/hard\libc_nano.a(libc_a-isattyr.o)
                0x080049e4                _isatty_r
 .text._sbrk_r  0x08004a04       0x20 C:/ST/STM32CubeIDE_1.15.0/STM32CubeIDE/plugins/com.st.stm32cube.ide.mcu.externaltools.gnu-tools-for-stm32.12.3.rel1.win32_1.0.100.202403111256/tools/bin/../lib/gcc/arm-none-eabi/12.3.1/../../../../arm-none-eabi/lib/thumb/v7e-m+fp/hard\libc_nano.a(libc_a-sbrkr.o)
                0x08004a04                _sbrk_r
 *(.glue_7)
 .glue_7        0x08004a24        0x0 linker stubs
 *(.glue_7t)
 .glue_7t       0x08004a24        0x0 linker stubs
 *(.eh_frame)
 .eh_frame      0x08004a24        0x0 C:/ST/STM32CubeIDE_1.15.0/STM32CubeIDE/plugins/com.st.stm32cube.ide.mcu.externaltools.gnu-tools-for-stm32.12.3.rel1.win32_1.0.100.202403111256/tools/bin/../lib/gcc/arm-none-eabi/12.3.1/thumb/v7e-m+fp/hard/crtbegin.o
 *(.init)
 .init          0x08004a24        0x4 C:/ST/STM32CubeIDE_1.15.0/STM32CubeIDE/plugins/com.st.stm32cube.ide.mcu.externaltools.gnu-tools-for-stm32.12.3.rel1.win32_1.0.100.202403111256/tools/bin/../lib/gcc/arm-none-eabi/12.3.1/thumb/v7e-m+fp/hard/crti.o
                0x08004a24                _init
 .init          0x08004a28        0x8 C:/ST/STM32CubeIDE_1.15.0/STM32CubeIDE/plugins/com.st.stm32cube.ide.mcu.externaltools.gnu-tools-for-stm32.12.3.rel1.win32_1.0.100.202403111256/tools/bin/../lib/gcc/arm-none-eabi/12.3.1/thumb/v7e-m+fp/hard/crtn.o
 *(.fini)
 .fini          0x08004a30        0x4 C:/ST/STM32CubeIDE_1.15.0/STM32CubeIDE/plugins/com.st.stm32cube.ide.mcu.externaltools.gnu-tools-for-stm32.12.3.rel1.win32_1.0.100.202403111256/tools/bin/../lib/gcc/arm-none-eabi/12.3.1/thumb/v7e-m+fp/hard/crti.o
                0x08004a30                _fini
 .fini          0x08004a34        0x8 C:/ST/STM32CubeIDE_1.15.0/STM32CubeIDE/plugins/com.st.stm32cube.ide.mcu.externaltools.gnu-tools-for-stm32.12.3.rel1.win32_1.0.100.202403111256/tools/bin/../lib/gcc/arm-none-eabi/12.3.1/thumb/v7e-m+fp/hard/crtn.o
                0x08004a3c                        . = ALIGN (0x4)
                0x08004a3c                        _etext = .

.vfp11_veneer   0x08004a3c        0x0
 .vfp11_veneer  0x08004a3c        0x0 linker stubs

.v4_bx          0x08004a3c        0x0
 .v4_bx         0x08004a3c        0x0 linker stubs

.iplt           0x08004a3c        0x0
 .iplt          0x08004a3c        0x0 C:/ST/STM32CubeIDE_1.15.0/STM32CubeIDE/plugins/com.st.stm32cube.ide.mcu.externaltools.gnu-tools-for-stm32.12.3.rel1.win32_1.0.100.202403111256/tools/bin/../lib/gcc/arm-none-eabi/12.3.1/thumb/v7e-m+fp/hard/crtbegin.o

.rodata         0x08004a3c       0x88
                0x08004a3c                        . = ALIGN (0x4)
 *(.rodata)
 .rodata        0x08004a3c        0x9 ./Core/Src/app.o
 *fill*         0x08004a45        0x3 
 .rodata        0x08004a48        0xf ./Core/Src/button.o
 *fill*         0x08004a57        0x1 
 .rodata        0x08004a58       0x11 ./Core/Src/polling.o
 *fill*         0x08004a69        0x3 
 .rodata        0x08004a6c        0xb ./Core/Src/uart.o
 *(.rodata*)
 *fill*         0x08004a77        0x1 
 .rodata.AHBPrescTable
                0x08004a78       0x10 ./Core/Src/system_stm32f4xx.o
                0x08004a78                AHBPrescTable
 .rodata.APBPrescTable
                0x08004a88        0x8 ./Core/Src/system_stm32f4xx.o
                0x08004a88                APBPrescTable
 .rodata._vfprintf_r.str1.1
                0x08004a90       0x11 C:/ST/STM32CubeIDE_1.15.0/STM32CubeIDE/plugins/com.st.stm32cube.ide.mcu.externaltools.gnu-tools-for-stm32.12.3.rel1.win32_1.0.100.202403111256/tools/bin/../lib/gcc/arm-none-eabi/12.3.1/../../../../arm-none-eabi/lib/thumb/v7e-m+fp/hard\libc_nano.a(libc_a-nano-vfprintf.o)
 .rodata._printf_i.str1.1
                0x08004aa1       0x22 C:/ST/STM32CubeIDE_1.15.0/STM32CubeIDE/plugins/com.st.stm32cube.ide.mcu.externaltools.gnu-tools-for-stm32.12.3.rel1.win32_1.0.100.202403111256/tools/bin/../lib/gcc/arm-none-eabi/12.3.1/../../../../arm-none-eabi/lib/thumb/v7e-m+fp/hard\libc_nano.a(libc_a-nano-vfprintf_i.o)
                0x08004ac4                        . = ALIGN (0x4)
 *fill*         0x08004ac3        0x1 

.ARM.extab      0x08004ac4        0x0
                0x08004ac4                        . = ALIGN (0x4)
 *(.ARM.extab* .gnu.linkonce.armextab.*)
                0x08004ac4                        . = ALIGN (0x4)

.ARM            0x08004ac4        0x8
                0x08004ac4                        . = ALIGN (0x4)
                0x08004ac4                        __exidx_start = .
 *(.ARM.exidx*)
 .ARM.exidx     0x08004ac4        0x8 C:/ST/STM32CubeIDE_1.15.0/STM32CubeIDE/plugins/com.st.stm32cube.ide.mcu.externaltools.gnu-tools-for-stm32.12.3.rel1.win32_1.0.100.202403111256/tools/bin/../lib/gcc/arm-none-eabi/12.3.1/../../../../arm-none-eabi/lib/thumb/v7e-m+fp/hard\libc_nano.a(libc_a-memchr.o)
 .ARM.exidx     0x08004acc        0x0 C:/ST/STM32CubeIDE_1.15.0/STM32CubeIDE/plugins/com.st.stm32cube.ide.mcu.externaltools.gnu-tools-for-stm32.12.3.rel1.win32_1.0.100.202403111256/tools/bin/../lib/gcc/arm-none-eabi/12.3.1/thumb/v7e-m+fp/hard\libgcc.a(_udivmoddi4.o)
                                  0x8 (size before relaxing)
                0x08004acc                        __exidx_end = .
                0x08004acc                        . = ALIGN (0x4)

.preinit_array  0x08004acc        0x0
                0x08004acc                        . = ALIGN (0x4)
                0x08004acc                        PROVIDE (__preinit_array_start = .)
 *(.preinit_array*)
                0x08004acc                        PROVIDE (__preinit_array_end = .)
                0x08004acc                        . = ALIGN (0x4)

.init_array     0x08004acc        0x4
                0x08004acc                        . = ALIGN (0x4)
                0x08004acc                        PROVIDE (__init_array_start = .)
 *(SORT_BY_NAME(.init_array.*))
 *(.init_array*)
 .init_array    0x08004acc        0x4 C:/ST/STM32CubeIDE_1.15.0/STM32CubeIDE/plugins/com.st.stm32cube.ide.mcu.externaltools.gnu-tools-for-stm32.12.3.rel1.win32_1.0.100.202403111256/tools/bin/../lib/gcc/arm-none-eabi/12.3.1/thumb/v7e-m+fp/hard/crtbegin.o
                0x08004ad0                        PROVIDE (__init_array_end = .)
                0x08004ad0                        . = ALIGN (0x4)

.fini_array     0x08004ad0        0x4
                0x08004ad0                        . = ALIGN (0x4)
                [!provide]                        PROVIDE (__fini_array_start = .)
 *(SORT_BY_NAME(.fini_array.*))
 *(.fini_array*)
 .fini_array    0x08004ad0        0x4 C:/ST/STM32CubeIDE_1.15.0/STM32CubeIDE/plugins/com.st.stm32cube.ide.mcu.externaltools.gnu-tools-for-stm32.12.3.rel1.win32_1.0.100.202403111256/tools/bin/../lib/gcc/arm-none-eabi/12.3.1/thumb/v7e-m+fp/hard/crtbegin.o
                [!provide]                        PROVIDE (__fini_array_end = .)
                0x08004ad4                        . = ALIGN (0x4)
                0x08004ad4                        _sidata = LOADADDR (.data)

.rel.dyn        0x08004ad4        0x0
 .rel.iplt      0x08004ad4        0x0 C:/ST/STM32CubeIDE_1.15.0/STM32CubeIDE/plugins/com.st.stm32cube.ide.mcu.externaltools.gnu-tools-for-stm32.12.3.rel1.win32_1.0.100.202403111256/tools/bin/../lib/gcc/arm-none-eabi/12.3.1/thumb/v7e-m+fp/hard/crtbegin.o

.data           0x20000000       0x9c load address 0x08004ad4
                0x20000000                        . = ALIGN (0x4)
                0x20000000                        _sdata = .
 *(.data)
 *(.data*)
 .data.gAdcObjs
                0x20000000       0x10 ./Core/Src/adc.o
 .data.value.0  0x20000010        0x2 ./Core/Src/adc.o
 *fill*         0x20000012        0x2 
 .data.gThrObjs
                0x20000014       0x20 ./Core/Src/polling.o
                0x20000014                gThrObjs
 .data.SystemCoreClock
                0x20000034        0x4 ./Core/Src/system_stm32f4xx.o
                0x20000034                SystemCoreClock
 .data.uwTickPrio
                0x20000038        0x4 ./Drivers/STM32F4xx_HAL_Driver/Src/stm32f4xx_hal.o
                0x20000038                uwTickPrio
 .data.uwTickFreq
                0x2000003c        0x1 ./Drivers/STM32F4xx_HAL_Driver/Src/stm32f4xx_hal.o
                0x2000003c                uwTickFreq
 *fill*         0x2000003d        0x3 
 .data.__sglue  0x20000040        0xc C:/ST/STM32CubeIDE_1.15.0/STM32CubeIDE/plugins/com.st.stm32cube.ide.mcu.externaltools.gnu-tools-for-stm32.12.3.rel1.win32_1.0.100.202403111256/tools/bin/../lib/gcc/arm-none-eabi/12.3.1/../../../../arm-none-eabi/lib/thumb/v7e-m+fp/hard\libc_nano.a(libc_a-findfp.o)
                0x20000040                __sglue
 .data._impure_ptr
                0x2000004c        0x4 C:/ST/STM32CubeIDE_1.15.0/STM32CubeIDE/plugins/com.st.stm32cube.ide.mcu.externaltools.gnu-tools-for-stm32.12.3.rel1.win32_1.0.100.202403111256/tools/bin/../lib/gcc/arm-none-eabi/12.3.1/../../../../arm-none-eabi/lib/thumb/v7e-m+fp/hard\libc_nano.a(libc_a-impure.o)
                0x2000004c                _impure_ptr
 .data._impure_data
                0x20000050       0x4c C:/ST/STM32CubeIDE_1.15.0/STM32CubeIDE/plugins/com.st.stm32cube.ide.mcu.externaltools.gnu-tools-for-stm32.12.3.rel1.win32_1.0.100.202403111256/tools/bin/../lib/gcc/arm-none-eabi/12.3.1/../../../../arm-none-eabi/lib/thumb/v7e-m+fp/hard\libc_nano.a(libc_a-impure.o)
                0x20000050                _impure_data
 *(.RamFunc)
 *(.RamFunc*)
                0x2000009c                        . = ALIGN (0x4)
                0x2000009c                        _edata = .
                0x08004b70                        _siccmram = LOADADDR (.ccmram)

.igot.plt       0x2000009c        0x0 load address 0x08004b70
 .igot.plt      0x2000009c        0x0 C:/ST/STM32CubeIDE_1.15.0/STM32CubeIDE/plugins/com.st.stm32cube.ide.mcu.externaltools.gnu-tools-for-stm32.12.3.rel1.win32_1.0.100.202403111256/tools/bin/../lib/gcc/arm-none-eabi/12.3.1/thumb/v7e-m+fp/hard/crtbegin.o

.ccmram         0x10000000        0x0 load address 0x08004b70
                0x10000000                        . = ALIGN (0x4)
                0x10000000                        _sccmram = .
 *(.ccmram)
 *(.ccmram*)
                0x10000000                        . = ALIGN (0x4)
                0x10000000                        _eccmram = .
                0x10000000                        . = ALIGN (0x4)

.bss            0x2000009c      0x998
                0x2000009c                        _sbss = .
                0x2000009c                        __bss_start__ = _sbss
 *(.bss)
 .bss           0x2000009c       0x1c C:/ST/STM32CubeIDE_1.15.0/STM32CubeIDE/plugins/com.st.stm32cube.ide.mcu.externaltools.gnu-tools-for-stm32.12.3.rel1.win32_1.0.100.202403111256/tools/bin/../lib/gcc/arm-none-eabi/12.3.1/thumb/v7e-m+fp/hard/crtbegin.o
 *(.bss*)
 .bss.flag      0x200000b8        0x1 ./Core/Src/button.o
 .bss.edge_rising_or_falling
                0x200000b9        0x1 ./Core/Src/button.o
 .bss.button_no
                0x200000ba        0x2 ./Core/Src/button.o
 .bss.prev_tick
                0x200000bc        0x4 ./Core/Src/button.o
 .bss.gIOExtiObjs
                0x200000c0       0xc0 ./Core/Src/io.o
 .bss.TxConfig  0x20000180       0x38 ./Core/Src/main.o
                0x20000180                TxConfig
 .bss.DMARxDscrTab
                0x200001b8       0xa0 ./Core/Src/main.o
                0x200001b8                DMARxDscrTab
 .bss.DMATxDscrTab
                0x20000258       0xa0 ./Core/Src/main.o
                0x20000258                DMATxDscrTab
 .bss.heth      0x200002f8       0xb0 ./Core/Src/main.o
                0x200002f8                heth
 .bss.huart3    0x200003a8       0x48 ./Core/Src/main.o
                0x200003a8                huart3
 .bss.hpcd_USB_OTG_FS
                0x200003f0      0x4e4 ./Core/Src/main.o
                0x200003f0                hpcd_USB_OTG_FS
 .bss.MACAddr.0
                0x200008d4        0x6 ./Core/Src/main.o
 .bss.thr_idx.0
                0x200008da        0x2 ./Core/Src/polling.o
 .bss.__sbrk_heap_end
                0x200008dc        0x4 ./Core/Src/sysmem.o
 .bss.rxd       0x200008e0        0x1 ./Core/Src/uart.o
 .bss.rxd_flag  0x200008e1        0x1 ./Core/Src/uart.o
 *fill*         0x200008e2        0x2 
 .bss.uwTick    0x200008e4        0x4 ./Drivers/STM32F4xx_HAL_Driver/Src/stm32f4xx_hal.o
                0x200008e4                uwTick
 .bss.__sf      0x200008e8      0x138 C:/ST/STM32CubeIDE_1.15.0/STM32CubeIDE/plugins/com.st.stm32cube.ide.mcu.externaltools.gnu-tools-for-stm32.12.3.rel1.win32_1.0.100.202403111256/tools/bin/../lib/gcc/arm-none-eabi/12.3.1/../../../../arm-none-eabi/lib/thumb/v7e-m+fp/hard\libc_nano.a(libc_a-findfp.o)
                0x200008e8                __sf
 .bss.__stdio_exit_handler
                0x20000a20        0x4 C:/ST/STM32CubeIDE_1.15.0/STM32CubeIDE/plugins/com.st.stm32cube.ide.mcu.externaltools.gnu-tools-for-stm32.12.3.rel1.win32_1.0.100.202403111256/tools/bin/../lib/gcc/arm-none-eabi/12.3.1/../../../../arm-none-eabi/lib/thumb/v7e-m+fp/hard\libc_nano.a(libc_a-findfp.o)
                0x20000a20                __stdio_exit_handler
 .bss.errno     0x20000a24        0x4 C:/ST/STM32CubeIDE_1.15.0/STM32CubeIDE/plugins/com.st.stm32cube.ide.mcu.externaltools.gnu-tools-for-stm32.12.3.rel1.win32_1.0.100.202403111256/tools/bin/../lib/gcc/arm-none-eabi/12.3.1/../../../../arm-none-eabi/lib/thumb/v7e-m+fp/hard\libc_nano.a(libc_a-reent.o)
                0x20000a24                errno
 .bss.__lock___malloc_recursive_mutex
                0x20000a28        0x1 C:/ST/STM32CubeIDE_1.15.0/STM32CubeIDE/plugins/com.st.stm32cube.ide.mcu.externaltools.gnu-tools-for-stm32.12.3.rel1.win32_1.0.100.202403111256/tools/bin/../lib/gcc/arm-none-eabi/12.3.1/../../../../arm-none-eabi/lib/thumb/v7e-m+fp/hard\libc_nano.a(libc_a-lock.o)
                0x20000a28                __lock___malloc_recursive_mutex
 .bss.__lock___sfp_recursive_mutex
                0x20000a29        0x1 C:/ST/STM32CubeIDE_1.15.0/STM32CubeIDE/plugins/com.st.stm32cube.ide.mcu.externaltools.gnu-tools-for-stm32.12.3.rel1.win32_1.0.100.202403111256/tools/bin/../lib/gcc/arm-none-eabi/12.3.1/../../../../arm-none-eabi/lib/thumb/v7e-m+fp/hard\libc_nano.a(libc_a-lock.o)
                0x20000a29                __lock___sfp_recursive_mutex
 *fill*         0x20000a2a        0x2 
 .bss.__malloc_sbrk_start
                0x20000a2c        0x4 C:/ST/STM32CubeIDE_1.15.0/STM32CubeIDE/plugins/com.st.stm32cube.ide.mcu.externaltools.gnu-tools-for-stm32.12.3.rel1.win32_1.0.100.202403111256/tools/bin/../lib/gcc/arm-none-eabi/12.3.1/../../../../arm-none-eabi/lib/thumb/v7e-m+fp/hard\libc_nano.a(libc_a-mallocr.o)
                0x20000a2c                __malloc_sbrk_start
 .bss.__malloc_free_list
                0x20000a30        0x4 C:/ST/STM32CubeIDE_1.15.0/STM32CubeIDE/plugins/com.st.stm32cube.ide.mcu.externaltools.gnu-tools-for-stm32.12.3.rel1.win32_1.0.100.202403111256/tools/bin/../lib/gcc/arm-none-eabi/12.3.1/../../../../arm-none-eabi/lib/thumb/v7e-m+fp/hard\libc_nano.a(libc_a-mallocr.o)
                0x20000a30                __malloc_free_list
 *(COMMON)
                0x20000a34                        . = ALIGN (0x4)
                0x20000a34                        _ebss = .
                0x20000a34                        __bss_end__ = _ebss

._user_heap_stack
                0x20000a34      0x604
                0x20000a38                        . = ALIGN (0x8)
 *fill*         0x20000a34        0x4 
                [!provide]                        PROVIDE (end = .)
                0x20000a38                        PROVIDE (_end = .)
                0x20000c38                        . = (. + _Min_Heap_Size)
 *fill*         0x20000a38      0x200 
                0x20001038                        . = (. + _Min_Stack_Size)
 *fill*         0x20000c38      0x400 
                0x20001038                        . = ALIGN (0x8)

/DISCARD/
 libc.a(*)
 libm.a(*)
 libgcc.a(*)

.ARM.attributes
                0x00000000       0x30
 *(.ARM.attributes)
 .ARM.attributes
                0x00000000       0x22 C:/ST/STM32CubeIDE_1.15.0/STM32CubeIDE/plugins/com.st.stm32cube.ide.mcu.externaltools.gnu-tools-for-stm32.12.3.rel1.win32_1.0.100.202403111256/tools/bin/../lib/gcc/arm-none-eabi/12.3.1/thumb/v7e-m+fp/hard/crti.o
 .ARM.attributes
                0x00000022       0x34 C:/ST/STM32CubeIDE_1.15.0/STM32CubeIDE/plugins/com.st.stm32cube.ide.mcu.externaltools.gnu-tools-for-stm32.12.3.rel1.win32_1.0.100.202403111256/tools/bin/../lib/gcc/arm-none-eabi/12.3.1/thumb/v7e-m+fp/hard/crtbegin.o
 .ARM.attributes
                0x00000056       0x34 ./Core/Src/adc.o
 .ARM.attributes
                0x0000008a       0x34 ./Core/Src/app.o
 .ARM.attributes
                0x000000be       0x34 ./Core/Src/button.o
 .ARM.attributes
                0x000000f2       0x34 ./Core/Src/io.o
 .ARM.attributes
                0x00000126       0x34 ./Core/Src/main.o
 .ARM.attributes
                0x0000015a       0x34 ./Core/Src/polling.o
 .ARM.attributes
                0x0000018e       0x34 ./Core/Src/stm32f4xx_hal_msp.o
 .ARM.attributes
                0x000001c2       0x34 ./Core/Src/stm32f4xx_it.o
 .ARM.attributes
                0x000001f6       0x34 ./Core/Src/syscalls.o
 .ARM.attributes
                0x0000022a       0x34 ./Core/Src/sysmem.o
 .ARM.attributes
                0x0000025e       0x34 ./Core/Src/system_stm32f4xx.o
 .ARM.attributes
                0x00000292       0x34 ./Core/Src/uart.o
 .ARM.attributes
                0x000002c6       0x21 ./Core/Startup/startup_stm32f429zitx.o
 .ARM.attributes
                0x000002e7       0x34 ./Drivers/STM32F4xx_HAL_Driver/Src/stm32f4xx_hal.o
 .ARM.attributes
                0x0000031b       0x34 ./Drivers/STM32F4xx_HAL_Driver/Src/stm32f4xx_hal_cortex.o
 .ARM.attributes
                0x0000034f       0x34 ./Drivers/STM32F4xx_HAL_Driver/Src/stm32f4xx_hal_eth.o
 .ARM.attributes
                0x00000383       0x34 ./Drivers/STM32F4xx_HAL_Driver/Src/stm32f4xx_hal_gpio.o
 .ARM.attributes
                0x000003b7       0x34 ./Drivers/STM32F4xx_HAL_Driver/Src/stm32f4xx_hal_pcd.o
 .ARM.attributes
                0x000003eb       0x34 ./Drivers/STM32F4xx_HAL_Driver/Src/stm32f4xx_hal_rcc.o
 .ARM.attributes
                0x0000041f       0x34 ./Drivers/STM32F4xx_HAL_Driver/Src/stm32f4xx_hal_uart.o
 .ARM.attributes
                0x00000453       0x34 ./Drivers/STM32F4xx_HAL_Driver/Src/stm32f4xx_ll_usb.o
 .ARM.attributes
                0x00000487       0x34 C:/ST/STM32CubeIDE_1.15.0/STM32CubeIDE/plugins/com.st.stm32cube.ide.mcu.externaltools.gnu-tools-for-stm32.12.3.rel1.win32_1.0.100.202403111256/tools/bin/../lib/gcc/arm-none-eabi/12.3.1/../../../../arm-none-eabi/lib/thumb/v7e-m+fp/hard\libc_nano.a(libc_a-findfp.o)
 .ARM.attributes
                0x000004bb       0x34 C:/ST/STM32CubeIDE_1.15.0/STM32CubeIDE/plugins/com.st.stm32cube.ide.mcu.externaltools.gnu-tools-for-stm32.12.3.rel1.win32_1.0.100.202403111256/tools/bin/../lib/gcc/arm-none-eabi/12.3.1/../../../../arm-none-eabi/lib/thumb/v7e-m+fp/hard\libc_nano.a(libc_a-fwalk.o)
 .ARM.attributes
                0x000004ef       0x34 C:/ST/STM32CubeIDE_1.15.0/STM32CubeIDE/plugins/com.st.stm32cube.ide.mcu.externaltools.gnu-tools-for-stm32.12.3.rel1.win32_1.0.100.202403111256/tools/bin/../lib/gcc/arm-none-eabi/12.3.1/../../../../arm-none-eabi/lib/thumb/v7e-m+fp/hard\libc_nano.a(libc_a-printf.o)
 .ARM.attributes
                0x00000523       0x34 C:/ST/STM32CubeIDE_1.15.0/STM32CubeIDE/plugins/com.st.stm32cube.ide.mcu.externaltools.gnu-tools-for-stm32.12.3.rel1.win32_1.0.100.202403111256/tools/bin/../lib/gcc/arm-none-eabi/12.3.1/../../../../arm-none-eabi/lib/thumb/v7e-m+fp/hard\libc_nano.a(libc_a-puts.o)
 .ARM.attributes
                0x00000557       0x34 C:/ST/STM32CubeIDE_1.15.0/STM32CubeIDE/plugins/com.st.stm32cube.ide.mcu.externaltools.gnu-tools-for-stm32.12.3.rel1.win32_1.0.100.202403111256/tools/bin/../lib/gcc/arm-none-eabi/12.3.1/../../../../arm-none-eabi/lib/thumb/v7e-m+fp/hard\libc_nano.a(libc_a-stdio.o)
 .ARM.attributes
                0x0000058b       0x34 C:/ST/STM32CubeIDE_1.15.0/STM32CubeIDE/plugins/com.st.stm32cube.ide.mcu.externaltools.gnu-tools-for-stm32.12.3.rel1.win32_1.0.100.202403111256/tools/bin/../lib/gcc/arm-none-eabi/12.3.1/../../../../arm-none-eabi/lib/thumb/v7e-m+fp/hard\libc_nano.a(libc_a-wbuf.o)
 .ARM.attributes
                0x000005bf       0x34 C:/ST/STM32CubeIDE_1.15.0/STM32CubeIDE/plugins/com.st.stm32cube.ide.mcu.externaltools.gnu-tools-for-stm32.12.3.rel1.win32_1.0.100.202403111256/tools/bin/../lib/gcc/arm-none-eabi/12.3.1/../../../../arm-none-eabi/lib/thumb/v7e-m+fp/hard\libc_nano.a(libc_a-wsetup.o)
 .ARM.attributes
                0x000005f3       0x34 C:/ST/STM32CubeIDE_1.15.0/STM32CubeIDE/plugins/com.st.stm32cube.ide.mcu.externaltools.gnu-tools-for-stm32.12.3.rel1.win32_1.0.100.202403111256/tools/bin/../lib/gcc/arm-none-eabi/12.3.1/../../../../arm-none-eabi/lib/thumb/v7e-m+fp/hard\libc_nano.a(libc_a-memset.o)
 .ARM.attributes
                0x00000627       0x34 C:/ST/STM32CubeIDE_1.15.0/STM32CubeIDE/plugins/com.st.stm32cube.ide.mcu.externaltools.gnu-tools-for-stm32.12.3.rel1.win32_1.0.100.202403111256/tools/bin/../lib/gcc/arm-none-eabi/12.3.1/../../../../arm-none-eabi/lib/thumb/v7e-m+fp/hard\libc_nano.a(libc_a-closer.o)
 .ARM.attributes
                0x0000065b       0x34 C:/ST/STM32CubeIDE_1.15.0/STM32CubeIDE/plugins/com.st.stm32cube.ide.mcu.externaltools.gnu-tools-for-stm32.12.3.rel1.win32_1.0.100.202403111256/tools/bin/../lib/gcc/arm-none-eabi/12.3.1/../../../../arm-none-eabi/lib/thumb/v7e-m+fp/hard\libc_nano.a(libc_a-reent.o)
 .ARM.attributes
                0x0000068f       0x34 C:/ST/STM32CubeIDE_1.15.0/STM32CubeIDE/plugins/com.st.stm32cube.ide.mcu.externaltools.gnu-tools-for-stm32.12.3.rel1.win32_1.0.100.202403111256/tools/bin/../lib/gcc/arm-none-eabi/12.3.1/../../../../arm-none-eabi/lib/thumb/v7e-m+fp/hard\libc_nano.a(libc_a-impure.o)
 .ARM.attributes
                0x000006c3       0x34 C:/ST/STM32CubeIDE_1.15.0/STM32CubeIDE/plugins/com.st.stm32cube.ide.mcu.externaltools.gnu-tools-for-stm32.12.3.rel1.win32_1.0.100.202403111256/tools/bin/../lib/gcc/arm-none-eabi/12.3.1/../../../../arm-none-eabi/lib/thumb/v7e-m+fp/hard\libc_nano.a(libc_a-lseekr.o)
 .ARM.attributes
                0x000006f7       0x34 C:/ST/STM32CubeIDE_1.15.0/STM32CubeIDE/plugins/com.st.stm32cube.ide.mcu.externaltools.gnu-tools-for-stm32.12.3.rel1.win32_1.0.100.202403111256/tools/bin/../lib/gcc/arm-none-eabi/12.3.1/../../../../arm-none-eabi/lib/thumb/v7e-m+fp/hard\libc_nano.a(libc_a-readr.o)
 .ARM.attributes
                0x0000072b       0x34 C:/ST/STM32CubeIDE_1.15.0/STM32CubeIDE/plugins/com.st.stm32cube.ide.mcu.externaltools.gnu-tools-for-stm32.12.3.rel1.win32_1.0.100.202403111256/tools/bin/../lib/gcc/arm-none-eabi/12.3.1/../../../../arm-none-eabi/lib/thumb/v7e-m+fp/hard\libc_nano.a(libc_a-writer.o)
 .ARM.attributes
                0x0000075f       0x34 C:/ST/STM32CubeIDE_1.15.0/STM32CubeIDE/plugins/com.st.stm32cube.ide.mcu.externaltools.gnu-tools-for-stm32.12.3.rel1.win32_1.0.100.202403111256/tools/bin/../lib/gcc/arm-none-eabi/12.3.1/../../../../arm-none-eabi/lib/thumb/v7e-m+fp/hard\libc_nano.a(libc_a-errno.o)
 .ARM.attributes
                0x00000793       0x34 C:/ST/STM32CubeIDE_1.15.0/STM32CubeIDE/plugins/com.st.stm32cube.ide.mcu.externaltools.gnu-tools-for-stm32.12.3.rel1.win32_1.0.100.202403111256/tools/bin/../lib/gcc/arm-none-eabi/12.3.1/../../../../arm-none-eabi/lib/thumb/v7e-m+fp/hard\libc_nano.a(libc_a-init.o)
 .ARM.attributes
                0x000007c7       0x34 C:/ST/STM32CubeIDE_1.15.0/STM32CubeIDE/plugins/com.st.stm32cube.ide.mcu.externaltools.gnu-tools-for-stm32.12.3.rel1.win32_1.0.100.202403111256/tools/bin/../lib/gcc/arm-none-eabi/12.3.1/../../../../arm-none-eabi/lib/thumb/v7e-m+fp/hard\libc_nano.a(libc_a-lock.o)
 .ARM.attributes
                0x000007fb       0x34 C:/ST/STM32CubeIDE_1.15.0/STM32CubeIDE/plugins/com.st.stm32cube.ide.mcu.externaltools.gnu-tools-for-stm32.12.3.rel1.win32_1.0.100.202403111256/tools/bin/../lib/gcc/arm-none-eabi/12.3.1/../../../../arm-none-eabi/lib/thumb/v7e-m+fp/hard\libc_nano.a(libc_a-freer.o)
 .ARM.attributes
                0x0000082f       0x34 C:/ST/STM32CubeIDE_1.15.0/STM32CubeIDE/plugins/com.st.stm32cube.ide.mcu.externaltools.gnu-tools-for-stm32.12.3.rel1.win32_1.0.100.202403111256/tools/bin/../lib/gcc/arm-none-eabi/12.3.1/../../../../arm-none-eabi/lib/thumb/v7e-m+fp/hard\libc_nano.a(libc_a-mallocr.o)
 .ARM.attributes
                0x00000863       0x34 C:/ST/STM32CubeIDE_1.15.0/STM32CubeIDE/plugins/com.st.stm32cube.ide.mcu.externaltools.gnu-tools-for-stm32.12.3.rel1.win32_1.0.100.202403111256/tools/bin/../lib/gcc/arm-none-eabi/12.3.1/../../../../arm-none-eabi/lib/thumb/v7e-m+fp/hard\libc_nano.a(libc_a-mlock.o)
 .ARM.attributes
                0x00000897       0x34 C:/ST/STM32CubeIDE_1.15.0/STM32CubeIDE/plugins/com.st.stm32cube.ide.mcu.externaltools.gnu-tools-for-stm32.12.3.rel1.win32_1.0.100.202403111256/tools/bin/../lib/gcc/arm-none-eabi/12.3.1/../../../../arm-none-eabi/lib/thumb/v7e-m+fp/hard\libc_nano.a(libc_a-nano-vfprintf.o)
 .ARM.attributes
                0x000008cb       0x34 C:/ST/STM32CubeIDE_1.15.0/STM32CubeIDE/plugins/com.st.stm32cube.ide.mcu.externaltools.gnu-tools-for-stm32.12.3.rel1.win32_1.0.100.202403111256/tools/bin/../lib/gcc/arm-none-eabi/12.3.1/../../../../arm-none-eabi/lib/thumb/v7e-m+fp/hard\libc_nano.a(libc_a-nano-vfprintf_i.o)
 .ARM.attributes
                0x000008ff       0x34 C:/ST/STM32CubeIDE_1.15.0/STM32CubeIDE/plugins/com.st.stm32cube.ide.mcu.externaltools.gnu-tools-for-stm32.12.3.rel1.win32_1.0.100.202403111256/tools/bin/../lib/gcc/arm-none-eabi/12.3.1/../../../../arm-none-eabi/lib/thumb/v7e-m+fp/hard\libc_nano.a(libc_a-fflush.o)
 .ARM.attributes
                0x00000933       0x34 C:/ST/STM32CubeIDE_1.15.0/STM32CubeIDE/plugins/com.st.stm32cube.ide.mcu.externaltools.gnu-tools-for-stm32.12.3.rel1.win32_1.0.100.202403111256/tools/bin/../lib/gcc/arm-none-eabi/12.3.1/../../../../arm-none-eabi/lib/thumb/v7e-m+fp/hard\libc_nano.a(libc_a-makebuf.o)
 .ARM.attributes
                0x00000967       0x34 C:/ST/STM32CubeIDE_1.15.0/STM32CubeIDE/plugins/com.st.stm32cube.ide.mcu.externaltools.gnu-tools-for-stm32.12.3.rel1.win32_1.0.100.202403111256/tools/bin/../lib/gcc/arm-none-eabi/12.3.1/../../../../arm-none-eabi/lib/thumb/v7e-m+fp/hard\libc_nano.a(libc_a-fstatr.o)
 .ARM.attributes
                0x0000099b       0x34 C:/ST/STM32CubeIDE_1.15.0/STM32CubeIDE/plugins/com.st.stm32cube.ide.mcu.externaltools.gnu-tools-for-stm32.12.3.rel1.win32_1.0.100.202403111256/tools/bin/../lib/gcc/arm-none-eabi/12.3.1/../../../../arm-none-eabi/lib/thumb/v7e-m+fp/hard\libc_nano.a(libc_a-isattyr.o)
 .ARM.attributes
                0x000009cf       0x34 C:/ST/STM32CubeIDE_1.15.0/STM32CubeIDE/plugins/com.st.stm32cube.ide.mcu.externaltools.gnu-tools-for-stm32.12.3.rel1.win32_1.0.100.202403111256/tools/bin/../lib/gcc/arm-none-eabi/12.3.1/../../../../arm-none-eabi/lib/thumb/v7e-m+fp/hard\libc_nano.a(libc_a-sbrkr.o)
 .ARM.attributes
                0x00000a03       0x1c C:/ST/STM32CubeIDE_1.15.0/STM32CubeIDE/plugins/com.st.stm32cube.ide.mcu.externaltools.gnu-tools-for-stm32.12.3.rel1.win32_1.0.100.202403111256/tools/bin/../lib/gcc/arm-none-eabi/12.3.1/../../../../arm-none-eabi/lib/thumb/v7e-m+fp/hard\libc_nano.a(libc_a-memchr.o)
 .ARM.attributes
                0x00000a1f       0x22 C:/ST/STM32CubeIDE_1.15.0/STM32CubeIDE/plugins/com.st.stm32cube.ide.mcu.externaltools.gnu-tools-for-stm32.12.3.rel1.win32_1.0.100.202403111256/tools/bin/../lib/gcc/arm-none-eabi/12.3.1/thumb/v7e-m+fp/hard\libgcc.a(_aeabi_uldivmod.o)
 .ARM.attributes
                0x00000a41       0x34 C:/ST/STM32CubeIDE_1.15.0/STM32CubeIDE/plugins/com.st.stm32cube.ide.mcu.externaltools.gnu-tools-for-stm32.12.3.rel1.win32_1.0.100.202403111256/tools/bin/../lib/gcc/arm-none-eabi/12.3.1/thumb/v7e-m+fp/hard\libgcc.a(_udivmoddi4.o)
 .ARM.attributes
                0x00000a75       0x22 C:/ST/STM32CubeIDE_1.15.0/STM32CubeIDE/plugins/com.st.stm32cube.ide.mcu.externaltools.gnu-tools-for-stm32.12.3.rel1.win32_1.0.100.202403111256/tools/bin/../lib/gcc/arm-none-eabi/12.3.1/thumb/v7e-m+fp/hard\libgcc.a(_dvmd_tls.o)
 .ARM.attributes
                0x00000a97       0x22 C:/ST/STM32CubeIDE_1.15.0/STM32CubeIDE/plugins/com.st.stm32cube.ide.mcu.externaltools.gnu-tools-for-stm32.12.3.rel1.win32_1.0.100.202403111256/tools/bin/../lib/gcc/arm-none-eabi/12.3.1/thumb/v7e-m+fp/hard/crtn.o
OUTPUT(test02.elf elf32-littlearm)
LOAD linker stubs
LOAD C:/ST/STM32CubeIDE_1.15.0/STM32CubeIDE/plugins/com.st.stm32cube.ide.mcu.externaltools.gnu-tools-for-stm32.12.3.rel1.win32_1.0.100.202403111256/tools/bin/../lib/gcc/arm-none-eabi/12.3.1/../../../../arm-none-eabi/lib/thumb/v7e-m+fp/hard\libc.a
LOAD C:/ST/STM32CubeIDE_1.15.0/STM32CubeIDE/plugins/com.st.stm32cube.ide.mcu.externaltools.gnu-tools-for-stm32.12.3.rel1.win32_1.0.100.202403111256/tools/bin/../lib/gcc/arm-none-eabi/12.3.1/../../../../arm-none-eabi/lib/thumb/v7e-m+fp/hard\libm.a
LOAD C:/ST/STM32CubeIDE_1.15.0/STM32CubeIDE/plugins/com.st.stm32cube.ide.mcu.externaltools.gnu-tools-for-stm32.12.3.rel1.win32_1.0.100.202403111256/tools/bin/../lib/gcc/arm-none-eabi/12.3.1/thumb/v7e-m+fp/hard\libgcc.a

.debug_info     0x00000000     0xffd7
 .debug_info    0x00000000      0x1b4 ./Core/Src/adc.o
 .debug_info    0x000001b4       0xf4 ./Core/Src/app.o
 .debug_info    0x000002a8      0x1f9 ./Core/Src/button.o
 .debug_info    0x000004a1      0x8a4 ./Core/Src/io.o
 .debug_info    0x00000d45     0x1dca ./Core/Src/main.o
 .debug_info    0x00002b0f      0x231 ./Core/Src/polling.o
 .debug_info    0x00002d40     0x178f ./Core/Src/stm32f4xx_hal_msp.o
 .debug_info    0x000044cf      0x14a ./Core/Src/stm32f4xx_it.o
 .debug_info    0x00004619      0x6a3 ./Core/Src/syscalls.o
 .debug_info    0x00004cbc      0x168 ./Core/Src/sysmem.o
 .debug_info    0x00004e24      0x52e ./Core/Src/system_stm32f4xx.o
 .debug_info    0x00005352      0x67c ./Core/Src/uart.o
 .debug_info    0x000059ce       0x30 ./Core/Startup/startup_stm32f429zitx.o
 .debug_info    0x000059fe      0x9ba ./Drivers/STM32F4xx_HAL_Driver/Src/stm32f4xx_hal.o
 .debug_info    0x000063b8      0xd8d ./Drivers/STM32F4xx_HAL_Driver/Src/stm32f4xx_hal_cortex.o
 .debug_info    0x00007145     0x209d ./Drivers/STM32F4xx_HAL_Driver/Src/stm32f4xx_hal_eth.o
 .debug_info    0x000091e2      0x6db ./Drivers/STM32F4xx_HAL_Driver/Src/stm32f4xx_hal_gpio.o
 .debug_info    0x000098bd     0x156f ./Drivers/STM32F4xx_HAL_Driver/Src/stm32f4xx_hal_pcd.o
 .debug_info    0x0000ae2c      0x8c9 ./Drivers/STM32F4xx_HAL_Driver/Src/stm32f4xx_hal_rcc.o
 .debug_info    0x0000b6f5     0x2f4f ./Drivers/STM32F4xx_HAL_Driver/Src/stm32f4xx_hal_uart.o
 .debug_info    0x0000e644     0x1993 ./Drivers/STM32F4xx_HAL_Driver/Src/stm32f4xx_ll_usb.o

.debug_abbrev   0x00000000     0x27c9
 .debug_abbrev  0x00000000      0x14b ./Core/Src/adc.o
 .debug_abbrev  0x0000014b       0x96 ./Core/Src/app.o
 .debug_abbrev  0x000001e1      0x10c ./Core/Src/button.o
 .debug_abbrev  0x000002ed      0x26c ./Core/Src/io.o
 .debug_abbrev  0x00000559      0x33e ./Core/Src/main.o
 .debug_abbrev  0x00000897      0x1ac ./Core/Src/polling.o
 .debug_abbrev  0x00000a43      0x253 ./Core/Src/stm32f4xx_hal_msp.o
 .debug_abbrev  0x00000c96       0xa0 ./Core/Src/stm32f4xx_it.o
 .debug_abbrev  0x00000d36      0x1b6 ./Core/Src/syscalls.o
 .debug_abbrev  0x00000eec       0xbc ./Core/Src/sysmem.o
 .debug_abbrev  0x00000fa8      0x11a ./Core/Src/system_stm32f4xx.o
 .debug_abbrev  0x000010c2      0x1c4 ./Core/Src/uart.o
 .debug_abbrev  0x00001286       0x24 ./Core/Startup/startup_stm32f429zitx.o
 .debug_abbrev  0x000012aa      0x214 ./Drivers/STM32F4xx_HAL_Driver/Src/stm32f4xx_hal.o
 .debug_abbrev  0x000014be      0x328 ./Drivers/STM32F4xx_HAL_Driver/Src/stm32f4xx_hal_cortex.o
 .debug_abbrev  0x000017e6      0x2df ./Drivers/STM32F4xx_HAL_Driver/Src/stm32f4xx_hal_eth.o
 .debug_abbrev  0x00001ac5      0x1d4 ./Drivers/STM32F4xx_HAL_Driver/Src/stm32f4xx_hal_gpio.o
 .debug_abbrev  0x00001c99      0x2b9 ./Drivers/STM32F4xx_HAL_Driver/Src/stm32f4xx_hal_pcd.o
 .debug_abbrev  0x00001f52      0x2b6 ./Drivers/STM32F4xx_HAL_Driver/Src/stm32f4xx_hal_rcc.o
 .debug_abbrev  0x00002208      0x30e ./Drivers/STM32F4xx_HAL_Driver/Src/stm32f4xx_hal_uart.o
 .debug_abbrev  0x00002516      0x2b3 ./Drivers/STM32F4xx_HAL_Driver/Src/stm32f4xx_ll_usb.o

.debug_aranges  0x00000000      0xd30
 .debug_aranges
                0x00000000       0x38 ./Core/Src/adc.o
 .debug_aranges
                0x00000038       0x28 ./Core/Src/app.o
 .debug_aranges
                0x00000060       0x30 ./Core/Src/button.o
 .debug_aranges
                0x00000090       0x48 ./Core/Src/io.o
 .debug_aranges
                0x000000d8       0x50 ./Core/Src/main.o
 .debug_aranges
                0x00000128       0x38 ./Core/Src/polling.o
 .debug_aranges
                0x00000160       0x50 ./Core/Src/stm32f4xx_hal_msp.o
 .debug_aranges
                0x000001b0       0x68 ./Core/Src/stm32f4xx_it.o
 .debug_aranges
                0x00000218       0xa8 ./Core/Src/syscalls.o
 .debug_aranges
                0x000002c0       0x20 ./Core/Src/sysmem.o
 .debug_aranges
                0x000002e0       0x28 ./Core/Src/system_stm32f4xx.o
 .debug_aranges
                0x00000308       0x30 ./Core/Src/uart.o
 .debug_aranges
                0x00000338       0x28 ./Core/Startup/startup_stm32f429zitx.o
 .debug_aranges
                0x00000360      0x100 ./Drivers/STM32F4xx_HAL_Driver/Src/stm32f4xx_hal.o
 .debug_aranges
                0x00000460      0x120 ./Drivers/STM32F4xx_HAL_Driver/Src/stm32f4xx_hal_cortex.o
 .debug_aranges
                0x00000580      0x1e0 ./Drivers/STM32F4xx_HAL_Driver/Src/stm32f4xx_hal_eth.o
 .debug_aranges
                0x00000760       0x58 ./Drivers/STM32F4xx_HAL_Driver/Src/stm32f4xx_hal_gpio.o
 .debug_aranges
                0x000007b8      0x148 ./Drivers/STM32F4xx_HAL_Driver/Src/stm32f4xx_hal_pcd.o
 .debug_aranges
                0x00000900       0x88 ./Drivers/STM32F4xx_HAL_Driver/Src/stm32f4xx_hal_rcc.o
 .debug_aranges
                0x00000988      0x208 ./Drivers/STM32F4xx_HAL_Driver/Src/stm32f4xx_hal_uart.o
 .debug_aranges
                0x00000b90      0x1a0 ./Drivers/STM32F4xx_HAL_Driver/Src/stm32f4xx_ll_usb.o

.debug_rnglists
                0x00000000      0x9fd
 .debug_rnglists
                0x00000000       0x25 ./Core/Src/adc.o
 .debug_rnglists
                0x00000025       0x19 ./Core/Src/app.o
 .debug_rnglists
                0x0000003e       0x1f ./Core/Src/button.o
 .debug_rnglists
                0x0000005d       0x32 ./Core/Src/io.o
 .debug_rnglists
                0x0000008f       0x3a ./Core/Src/main.o
 .debug_rnglists
                0x000000c9       0x26 ./Core/Src/polling.o
 .debug_rnglists
                0x000000ef       0x3a ./Core/Src/stm32f4xx_hal_msp.o
 .debug_rnglists
                0x00000129       0x49 ./Core/Src/stm32f4xx_it.o
 .debug_rnglists
                0x00000172       0x79 ./Core/Src/syscalls.o
 .debug_rnglists
                0x000001eb       0x13 ./Core/Src/sysmem.o
 .debug_rnglists
                0x000001fe       0x1a ./Core/Src/system_stm32f4xx.o
 .debug_rnglists
                0x00000218       0x1f ./Core/Src/uart.o
 .debug_rnglists
                0x00000237       0x19 ./Core/Startup/startup_stm32f429zitx.o
 .debug_rnglists
                0x00000250       0xbb ./Drivers/STM32F4xx_HAL_Driver/Src/stm32f4xx_hal.o
 .debug_rnglists
                0x0000030b       0xd4 ./Drivers/STM32F4xx_HAL_Driver/Src/stm32f4xx_hal_cortex.o
 .debug_rnglists
                0x000003df      0x17c ./Drivers/STM32F4xx_HAL_Driver/Src/stm32f4xx_hal_eth.o
 .debug_rnglists
                0x0000055b       0x3f ./Drivers/STM32F4xx_HAL_Driver/Src/stm32f4xx_hal_gpio.o
 .debug_rnglists
                0x0000059a       0xfa ./Drivers/STM32F4xx_HAL_Driver/Src/stm32f4xx_hal_pcd.o
 .debug_rnglists
                0x00000694       0x66 ./Drivers/STM32F4xx_HAL_Driver/Src/stm32f4xx_hal_rcc.o
 .debug_rnglists
                0x000006fa      0x1bc ./Drivers/STM32F4xx_HAL_Driver/Src/stm32f4xx_hal_uart.o
 .debug_rnglists
                0x000008b6      0x147 ./Drivers/STM32F4xx_HAL_Driver/Src/stm32f4xx_ll_usb.o

.debug_macro    0x00000000    0x2612b
 .debug_macro   0x00000000      0x2dc ./Core/Src/adc.o
 .debug_macro   0x000002dc      0xab4 ./Core/Src/adc.o
 .debug_macro   0x00000d90       0x22 ./Core/Src/adc.o
 .debug_macro   0x00000db2       0x5b ./Core/Src/adc.o
 .debug_macro   0x00000e0d       0x2a ./Core/Src/adc.o
 .debug_macro   0x00000e37       0x94 ./Core/Src/adc.o
 .debug_macro   0x00000ecb       0x43 ./Core/Src/adc.o
 .debug_macro   0x00000f0e       0x34 ./Core/Src/adc.o
 .debug_macro   0x00000f42       0x16 ./Core/Src/adc.o
 .debug_macro   0x00000f58       0x57 ./Core/Src/adc.o
 .debug_macro   0x00000faf       0x9e ./Core/Src/adc.o
 .debug_macro   0x0000104d      0x369 ./Core/Src/adc.o
 .debug_macro   0x000013b6      0x10b ./Core/Src/adc.o
 .debug_macro   0x000014c1       0x10 ./Core/Src/adc.o
 .debug_macro   0x000014d1       0x16 ./Core/Src/adc.o
 .debug_macro   0x000014e7       0x43 ./Core/Src/adc.o
 .debug_macro   0x0000152a       0x34 ./Core/Src/adc.o
 .debug_macro   0x0000155e       0x10 ./Core/Src/adc.o
 .debug_macro   0x0000156e       0x58 ./Core/Src/adc.o
 .debug_macro   0x000015c6       0x8e ./Core/Src/adc.o
 .debug_macro   0x00001654       0x1c ./Core/Src/adc.o
 .debug_macro   0x00001670      0x177 ./Core/Src/adc.o
 .debug_macro   0x000017e7       0x16 ./Core/Src/adc.o
 .debug_macro   0x000017fd       0x16 ./Core/Src/adc.o
 .debug_macro   0x00001813      0x146 ./Core/Src/adc.o
 .debug_macro   0x00001959      0x2a1 ./Core/Src/adc.o
 .debug_macro   0x00001bfa       0x2e ./Core/Src/adc.o
 .debug_macro   0x00001c28       0x28 ./Core/Src/adc.o
 .debug_macro   0x00001c50      0x103 ./Core/Src/adc.o
 .debug_macro   0x00001d53       0x6a ./Core/Src/adc.o
 .debug_macro   0x00001dbd      0x1df ./Core/Src/adc.o
 .debug_macro   0x00001f9c       0x1c ./Core/Src/adc.o
 .debug_macro   0x00001fb8       0x22 ./Core/Src/adc.o
 .debug_macro   0x00001fda       0xfb ./Core/Src/adc.o
 .debug_macro   0x000020d5     0x1011 ./Core/Src/adc.o
 .debug_macro   0x000030e6      0x11f ./Core/Src/adc.o
 .debug_macro   0x00003205    0x17fd8 ./Core/Src/adc.o
 .debug_macro   0x0001b1dd       0x6d ./Core/Src/adc.o
 .debug_macro   0x0001b24a     0x3703 ./Core/Src/adc.o
 .debug_macro   0x0001e94d       0x56 ./Core/Src/adc.o
 .debug_macro   0x0001e9a3      0xcba ./Core/Src/adc.o
 .debug_macro   0x0001f65d      0x9e9 ./Core/Src/adc.o
 .debug_macro   0x00020046      0x115 ./Core/Src/adc.o
 .debug_macro   0x0002015b      0x156 ./Core/Src/adc.o
 .debug_macro   0x000202b1       0xa5 ./Core/Src/adc.o
 .debug_macro   0x00020356      0x182 ./Core/Src/adc.o
 .debug_macro   0x000204d8      0x287 ./Core/Src/adc.o
 .debug_macro   0x0002075f       0x5f ./Core/Src/adc.o
 .debug_macro   0x000207be      0x236 ./Core/Src/adc.o
 .debug_macro   0x000209f4      0xd44 ./Core/Src/adc.o
 .debug_macro   0x00021738      0x132 ./Core/Src/adc.o
 .debug_macro   0x0002186a      0x41d ./Core/Src/adc.o
 .debug_macro   0x00021c87       0x2e ./Core/Src/adc.o
 .debug_macro   0x00021cb5      0x127 ./Core/Src/adc.o
 .debug_macro   0x00021ddc       0xe2 ./Core/Src/adc.o
 .debug_macro   0x00021ebe       0x89 ./Core/Src/adc.o
 .debug_macro   0x00021f47      0x2aa ./Core/Src/adc.o
 .debug_macro   0x000221f1      0x293 ./Core/Src/adc.o
 .debug_macro   0x00022484       0xba ./Core/Src/adc.o
 .debug_macro   0x0002253e      0x134 ./Core/Src/adc.o
 .debug_macro   0x00022672      0x130 ./Core/Src/adc.o
 .debug_macro   0x000227a2       0x22 ./Core/Src/adc.o
 .debug_macro   0x000227c4      0x308 ./Core/Src/app.o
 .debug_macro   0x00022acc      0x2ec ./Core/Src/button.o
 .debug_macro   0x00022db8      0x21a ./Core/Src/io.o
 .debug_macro   0x00022fd2       0x8e ./Core/Src/io.o
 .debug_macro   0x00023060       0x51 ./Core/Src/io.o
 .debug_macro   0x000230b1      0x189 ./Core/Src/io.o
 .debug_macro   0x0002323a       0x5c ./Core/Src/io.o
 .debug_macro   0x00023296      0x2c5 ./Core/Src/main.o
 .debug_macro   0x0002355b       0x61 ./Core/Src/main.o
 .debug_macro   0x000235bc       0x10 ./Core/Src/main.o
 .debug_macro   0x000235cc       0x35 ./Core/Src/main.o
 .debug_macro   0x00023601       0x20 ./Core/Src/main.o
 .debug_macro   0x00023621      0x2e6 ./Core/Src/polling.o
 .debug_macro   0x00023907      0x1f7 ./Core/Src/stm32f4xx_hal_msp.o
 .debug_macro   0x00023afe      0x201 ./Core/Src/stm32f4xx_it.o
 .debug_macro   0x00023cff      0x274 ./Core/Src/syscalls.o
 .debug_macro   0x00023f73       0x10 ./Core/Src/syscalls.o
 .debug_macro   0x00023f83       0x10 ./Core/Src/syscalls.o
 .debug_macro   0x00023f93       0x10 ./Core/Src/syscalls.o
 .debug_macro   0x00023fa3       0x10 ./Core/Src/syscalls.o
 .debug_macro   0x00023fb3       0x1c ./Core/Src/syscalls.o
 .debug_macro   0x00023fcf       0x52 ./Core/Src/syscalls.o
 .debug_macro   0x00024021       0x22 ./Core/Src/syscalls.o
 .debug_macro   0x00024043       0x10 ./Core/Src/syscalls.o
 .debug_macro   0x00024053       0x52 ./Core/Src/syscalls.o
 .debug_macro   0x000240a5       0xcf ./Core/Src/syscalls.o
 .debug_macro   0x00024174       0x1c ./Core/Src/syscalls.o
 .debug_macro   0x00024190       0x3d ./Core/Src/syscalls.o
 .debug_macro   0x000241cd       0x35 ./Core/Src/syscalls.o
 .debug_macro   0x00024202      0x12c ./Core/Src/syscalls.o
 .debug_macro   0x0002432e       0x16 ./Core/Src/syscalls.o
 .debug_macro   0x00024344       0x16 ./Core/Src/syscalls.o
 .debug_macro   0x0002435a       0x29 ./Core/Src/syscalls.o
 .debug_macro   0x00024383       0x10 ./Core/Src/syscalls.o
 .debug_macro   0x00024393      0x242 ./Core/Src/syscalls.o
 .debug_macro   0x000245d5       0x1c ./Core/Src/syscalls.o
 .debug_macro   0x000245f1       0x10 ./Core/Src/syscalls.o
 .debug_macro   0x00024601      0x18a ./Core/Src/syscalls.o
 .debug_macro   0x0002478b       0x16 ./Core/Src/syscalls.o
 .debug_macro   0x000247a1       0xce ./Core/Src/syscalls.o
 .debug_macro   0x0002486f       0xff ./Core/Src/sysmem.o
 .debug_macro   0x0002496e      0x23c ./Core/Src/sysmem.o
 .debug_macro   0x00024baa      0x1e8 ./Core/Src/system_stm32f4xx.o
 .debug_macro   0x00024d92      0x2e8 ./Core/Src/uart.o
 .debug_macro   0x0002507a      0x248 ./Drivers/STM32F4xx_HAL_Driver/Src/stm32f4xx_hal.o
 .debug_macro   0x000252c2      0x1e8 ./Drivers/STM32F4xx_HAL_Driver/Src/stm32f4xx_hal_cortex.o
 .debug_macro   0x000254aa      0x2c2 ./Drivers/STM32F4xx_HAL_Driver/Src/stm32f4xx_hal_eth.o
 .debug_macro   0x0002576c      0x1ee ./Drivers/STM32F4xx_HAL_Driver/Src/stm32f4xx_hal_gpio.o
 .debug_macro   0x0002595a      0x1f4 ./Drivers/STM32F4xx_HAL_Driver/Src/stm32f4xx_hal_pcd.o
 .debug_macro   0x00025b4e      0x20c ./Drivers/STM32F4xx_HAL_Driver/Src/stm32f4xx_hal_rcc.o
 .debug_macro   0x00025d5a      0x1e9 ./Drivers/STM32F4xx_HAL_Driver/Src/stm32f4xx_hal_uart.o
 .debug_macro   0x00025f43      0x1e8 ./Drivers/STM32F4xx_HAL_Driver/Src/stm32f4xx_ll_usb.o

.debug_line     0x00000000    0x1115d
 .debug_line    0x00000000      0x953 ./Core/Src/adc.o
 .debug_line    0x00000953      0x930 ./Core/Src/app.o
 .debug_line    0x00001283      0x93e ./Core/Src/button.o
 .debug_line    0x00001bc1      0x867 ./Core/Src/io.o
 .debug_line    0x00002428      0xa5c ./Core/Src/main.o
 .debug_line    0x00002e84      0x982 ./Core/Src/polling.o
 .debug_line    0x00003806      0x8ab ./Core/Src/stm32f4xx_hal_msp.o
 .debug_line    0x000040b1      0x856 ./Core/Src/stm32f4xx_it.o
 .debug_line    0x00004907      0x8b2 ./Core/Src/syscalls.o
 .debug_line    0x000051b9      0x583 ./Core/Src/sysmem.o
 .debug_line    0x0000573c      0x800 ./Core/Src/system_stm32f4xx.o
 .debug_line    0x00005f3c      0x911 ./Core/Src/uart.o
 .debug_line    0x0000684d       0x7a ./Core/Startup/startup_stm32f429zitx.o
 .debug_line    0x000068c7      0xa9f ./Drivers/STM32F4xx_HAL_Driver/Src/stm32f4xx_hal.o
 .debug_line    0x00007366      0xd31 ./Drivers/STM32F4xx_HAL_Driver/Src/stm32f4xx_hal_cortex.o
 .debug_line    0x00008097     0x1a0b ./Drivers/STM32F4xx_HAL_Driver/Src/stm32f4xx_hal_eth.o
 .debug_line    0x00009aa2      0xc1d ./Drivers/STM32F4xx_HAL_Driver/Src/stm32f4xx_hal_gpio.o
 .debug_line    0x0000a6bf     0x154f ./Drivers/STM32F4xx_HAL_Driver/Src/stm32f4xx_hal_pcd.o
 .debug_line    0x0000bc0e      0xddc ./Drivers/STM32F4xx_HAL_Driver/Src/stm32f4xx_hal_rcc.o
 .debug_line    0x0000c9ea     0x293b ./Drivers/STM32F4xx_HAL_Driver/Src/stm32f4xx_hal_uart.o
 .debug_line    0x0000f325     0x1e38 ./Drivers/STM32F4xx_HAL_Driver/Src/stm32f4xx_ll_usb.o

.debug_str      0x00000000    0xdc7bf
 .debug_str     0x00000000    0xd592c ./Core/Src/adc.o
                              0xd5bb5 (size before relaxing)
 .debug_str     0x000d592c       0xab ./Core/Src/app.o
                              0xd5bf4 (size before relaxing)
 .debug_str     0x000d59d7       0xb3 ./Core/Src/button.o
                              0xd5c54 (size before relaxing)
 .debug_str     0x000d5a8a      0x5b7 ./Core/Src/io.o
                              0xd2ad1 (size before relaxing)
 .debug_str     0x000d6041     0x126f ./Core/Src/main.o
                              0xd6d22 (size before relaxing)
 .debug_str     0x000d72b0       0x41 ./Core/Src/polling.o
                              0xd5c2c (size before relaxing)
 .debug_str     0x000d72f1       0xaf ./Core/Src/stm32f4xx_hal_msp.o
                              0xd3357 (size before relaxing)
 .debug_str     0x000d73a0       0xeb ./Core/Src/stm32f4xx_it.o
                              0xd2506 (size before relaxing)
 .debug_str     0x000d748b     0x20a0 ./Core/Src/syscalls.o
                               0x98c9 (size before relaxing)
 .debug_str     0x000d952b       0x6b ./Core/Src/sysmem.o
                               0x60e1 (size before relaxing)
 .debug_str     0x000d9596       0xdb ./Core/Src/system_stm32f4xx.o
                              0xd2140 (size before relaxing)
 .debug_str     0x000d9671       0x56 ./Core/Src/uart.o
                              0xd608b (size before relaxing)
 .debug_str     0x000d96c7       0x7c ./Core/Startup/startup_stm32f429zitx.o
 .debug_str     0x000d9743      0x5cb ./Drivers/STM32F4xx_HAL_Driver/Src/stm32f4xx_hal.o
                              0xd2d4b (size before relaxing)
 .debug_str     0x000d9d0e      0x342 ./Drivers/STM32F4xx_HAL_Driver/Src/stm32f4xx_hal_cortex.o
                              0xd2a47 (size before relaxing)
 .debug_str     0x000da050     0x11f2 ./Drivers/STM32F4xx_HAL_Driver/Src/stm32f4xx_hal_eth.o
                              0xd39bf (size before relaxing)
 .debug_str     0x000db242       0x97 ./Drivers/STM32F4xx_HAL_Driver/Src/stm32f4xx_hal_gpio.o
                              0xd22a3 (size before relaxing)
 .debug_str     0x000db2d9      0x7fc ./Drivers/STM32F4xx_HAL_Driver/Src/stm32f4xx_hal_pcd.o
                              0xd2bf3 (size before relaxing)
 .debug_str     0x000dbad5      0x21f ./Drivers/STM32F4xx_HAL_Driver/Src/stm32f4xx_hal_rcc.o
                              0xd255c (size before relaxing)
 .debug_str     0x000dbcf4      0x620 ./Drivers/STM32F4xx_HAL_Driver/Src/stm32f4xx_hal_uart.o
                              0xd2b2a (size before relaxing)
 .debug_str     0x000dc314      0x4ab ./Drivers/STM32F4xx_HAL_Driver/Src/stm32f4xx_ll_usb.o
                              0xd2ace (size before relaxing)

.comment        0x00000000       0x43
 .comment       0x00000000       0x43 ./Core/Src/adc.o
                                 0x44 (size before relaxing)
 .comment       0x00000043       0x44 ./Core/Src/app.o
 .comment       0x00000043       0x44 ./Core/Src/button.o
 .comment       0x00000043       0x44 ./Core/Src/io.o
 .comment       0x00000043       0x44 ./Core/Src/main.o
 .comment       0x00000043       0x44 ./Core/Src/polling.o
 .comment       0x00000043       0x44 ./Core/Src/stm32f4xx_hal_msp.o
 .comment       0x00000043       0x44 ./Core/Src/stm32f4xx_it.o
 .comment       0x00000043       0x44 ./Core/Src/syscalls.o
 .comment       0x00000043       0x44 ./Core/Src/sysmem.o
 .comment       0x00000043       0x44 ./Core/Src/system_stm32f4xx.o
 .comment       0x00000043       0x44 ./Core/Src/uart.o
 .comment       0x00000043       0x44 ./Drivers/STM32F4xx_HAL_Driver/Src/stm32f4xx_hal.o
 .comment       0x00000043       0x44 ./Drivers/STM32F4xx_HAL_Driver/Src/stm32f4xx_hal_cortex.o
 .comment       0x00000043       0x44 ./Drivers/STM32F4xx_HAL_Driver/Src/stm32f4xx_hal_eth.o
 .comment       0x00000043       0x44 ./Drivers/STM32F4xx_HAL_Driver/Src/stm32f4xx_hal_gpio.o
 .comment       0x00000043       0x44 ./Drivers/STM32F4xx_HAL_Driver/Src/stm32f4xx_hal_pcd.o
 .comment       0x00000043       0x44 ./Drivers/STM32F4xx_HAL_Driver/Src/stm32f4xx_hal_rcc.o
 .comment       0x00000043       0x44 ./Drivers/STM32F4xx_HAL_Driver/Src/stm32f4xx_hal_uart.o
 .comment       0x00000043       0x44 ./Drivers/STM32F4xx_HAL_Driver/Src/stm32f4xx_ll_usb.o

.debug_frame    0x00000000     0x3d24
 .debug_frame   0x00000000       0xa4 ./Core/Src/adc.o
 .debug_frame   0x000000a4       0x48 ./Core/Src/app.o
 .debug_frame   0x000000ec       0x74 ./Core/Src/button.o
 .debug_frame   0x00000160       0xec ./Core/Src/io.o
 .debug_frame   0x0000024c       0xe0 ./Core/Src/main.o
 .debug_frame   0x0000032c       0x9c ./Core/Src/polling.o
 .debug_frame   0x000003c8      0x110 ./Core/Src/stm32f4xx_hal_msp.o
 .debug_frame   0x000004d8      0x120 ./Core/Src/stm32f4xx_it.o
 .debug_frame   0x000005f8      0x2ac ./Core/Src/syscalls.o
 .debug_frame   0x000008a4       0x34 ./Core/Src/sysmem.o
 .debug_frame   0x000008d8       0x58 ./Core/Src/system_stm32f4xx.o
 .debug_frame   0x00000930       0x74 ./Core/Src/uart.o
 .debug_frame   0x000009a4      0x3b4 ./Drivers/STM32F4xx_HAL_Driver/Src/stm32f4xx_hal.o
 .debug_frame   0x00000d58      0x4b8 ./Drivers/STM32F4xx_HAL_Driver/Src/stm32f4xx_hal_cortex.o
 .debug_frame   0x00001210      0x898 ./Drivers/STM32F4xx_HAL_Driver/Src/stm32f4xx_hal_eth.o
 .debug_frame   0x00001aa8      0x14c ./Drivers/STM32F4xx_HAL_Driver/Src/stm32f4xx_hal_gpio.o
 .debug_frame   0x00001bf4      0x5b8 ./Drivers/STM32F4xx_HAL_Driver/Src/stm32f4xx_hal_pcd.o
 .debug_frame   0x000021ac      0x1f4 ./Drivers/STM32F4xx_HAL_Driver/Src/stm32f4xx_hal_rcc.o
 .debug_frame   0x000023a0      0x954 ./Drivers/STM32F4xx_HAL_Driver/Src/stm32f4xx_hal_uart.o
 .debug_frame   0x00002cf4      0x7c0 ./Drivers/STM32F4xx_HAL_Driver/Src/stm32f4xx_ll_usb.o
 .debug_frame   0x000034b4      0x144 C:/ST/STM32CubeIDE_1.15.0/STM32CubeIDE/plugins/com.st.stm32cube.ide.mcu.externaltools.gnu-tools-for-stm32.12.3.rel1.win32_1.0.100.202403111256/tools/bin/../lib/gcc/arm-none-eabi/12.3.1/../../../../arm-none-eabi/lib/thumb/v7e-m+fp/hard\libc_nano.a(libc_a-findfp.o)
 .debug_frame   0x000035f8       0x34 C:/ST/STM32CubeIDE_1.15.0/STM32CubeIDE/plugins/com.st.stm32cube.ide.mcu.externaltools.gnu-tools-for-stm32.12.3.rel1.win32_1.0.100.202403111256/tools/bin/../lib/gcc/arm-none-eabi/12.3.1/../../../../arm-none-eabi/lib/thumb/v7e-m+fp/hard\libc_nano.a(libc_a-fwalk.o)